###############################################################################
#
# IAR ELF Linker V9.32.1.338/W64 for ARM                  07/Mar/2023  16:24:12
# Copyright 2007-2022 IAR Systems AB.
#
#    Output file  =
#        C:\Users\IoT18\Documents\iar\sampleUart2_tim10_pwd_moter_count\Debug\Exe\sampleUart2.out
#    Map file     =
#        C:\Users\IoT18\Documents\iar\sampleUart2_tim10_pwd_moter_count\Debug\List\sampleUart2.map
#    Command line =
#        -f
#        C:\Users\IoT18\Documents\iar\sampleUart2_tim10_pwd_moter_count\Debug\Exe\sampleUart2.out.rsp
#        (C:\Users\IoT18\Documents\iar\sampleUart2_tim10_pwd_moter_count\Debug\Obj\main.o
#        C:\Users\IoT18\Documents\iar\sampleUart2_tim10_pwd_moter_count\Debug\Obj\STM32\misc.o
#        C:\Users\IoT18\Documents\iar\sampleUart2_tim10_pwd_moter_count\Debug\Obj\CMSIS\startup_stm32f40_41xxx.o
#        C:\Users\IoT18\Documents\iar\sampleUart2_tim10_pwd_moter_count\Debug\Obj\STM32\stm32f4xx_adc.o
#        C:\Users\IoT18\Documents\iar\sampleUart2_tim10_pwd_moter_count\Debug\Obj\STM32\stm32f4xx_dma.o
#        C:\Users\IoT18\Documents\iar\sampleUart2_tim10_pwd_moter_count\Debug\Obj\STM32\stm32f4xx_exti.o
#        C:\Users\IoT18\Documents\iar\sampleUart2_tim10_pwd_moter_count\Debug\Obj\STM32\stm32f4xx_gpio.o
#        C:\Users\IoT18\Documents\iar\sampleUart2_tim10_pwd_moter_count\Debug\Obj\COMM\stm32f4xx_it.o
#        C:\Users\IoT18\Documents\iar\sampleUart2_tim10_pwd_moter_count\Debug\Obj\STM32\stm32f4xx_rcc.o
#        C:\Users\IoT18\Documents\iar\sampleUart2_tim10_pwd_moter_count\Debug\Obj\STM32\stm32f4xx_tim.o
#        C:\Users\IoT18\Documents\iar\sampleUart2_tim10_pwd_moter_count\Debug\Obj\STM32\stm32f4xx_usart.o
#        C:\Users\IoT18\Documents\iar\sampleUart2_tim10_pwd_moter_count\Debug\Obj\COMM\system_stm32f4xx.o
#        C:\Users\IoT18\Documents\iar\sampleUart2_tim10_pwd_moter_count\Debug\Obj\uart2.o
#        --no_out_extension -o
#        C:\Users\IoT18\Documents\iar\sampleUart2_tim10_pwd_moter_count\Debug\Exe\sampleUart2.out
#        --redirect _Printf=_PrintfFullNoMb --redirect _Scanf=_ScanfFullNoMb
#        --map
#        C:\Users\IoT18\Documents\iar\sampleUart2_tim10_pwd_moter_count\Debug\List\sampleUart2.map
#        --config
#        C:\Users\IoT18\Documents\iar\sampleUart2_tim10_pwd_moter_count\stm32f405xG.icf
#        --semihosting --entry __iar_program_start --vfe --text_out locale
#        --cpu=Cortex-M4 --fpu=VFPv4_sp)
#
###############################################################################

*******************************************************************************
*** RUNTIME MODEL ATTRIBUTES
***

CppFlavor       = *
__CPP_Runtime   = 1
__SystemLibrary = DLib
__dlib_version  = 6


*******************************************************************************
*** HEAP SELECTION
***

The basic heap was selected because --advanced_heap
was not specified and the application did not appear to
be primarily optimized for speed.


*******************************************************************************
*** PLACEMENT SUMMARY
***

"A0":  place at address 0x800'0000 { ro section .intvec };
"P1":  place in [from 0x800'0000 to 0x80f'ffff] { ro };
define block CSTACK with size = 8K, alignment = 8 { };
define block HEAP with size = 8K, alignment = 8 { };
"P2":  place in [from 0x2000'0000 to 0x2001'ffff] {
          rw, block CSTACK, block HEAP };
initialize by copy { rw };

No sections matched the following patterns:

  section .sram  in "P3"


  Section            Kind         Address    Size  Object
  -------            ----         -------    ----  ------
"A0":                                       0x188
  .intvec            ro code   0x800'0000   0x188  startup_stm32f40_41xxx.o [2]
                             - 0x800'0188   0x188

"P1":                                      0x322c
  .text              ro code   0x800'0188   0xeca  xprintffull_nomb.o [5]
  .text              ro code   0x800'1052    0x2a  copy_init3.o [7]
  .text              ro code   0x800'107c    0x16  strchr.o [7]
  .text              ro code   0x800'1092    0x12  stm32f4xx_it.o [3]
  .text              ro code   0x800'10a4    0x40  xfail_s.o [5]
  .text              ro code   0x800'10e4    0x36  strlen.o [7]
  .rodata            const     0x800'111a     0x2  xlocale_c.o [5]
  .text              ro code   0x800'111c    0x58  memchr.o [7]
  .text              ro code   0x800'1174    0xa6  ABImemcpy.o [7]
  .rodata            const     0x800'121a     0x1  xlocale_c.o [5]
  .text              ro code   0x800'121c    0x70  frexp.o [6]
  .text              ro code   0x800'128c    0x34  DblCmpLe.o [6]
  .text              ro code   0x800'12c0    0x34  DblCmpGe.o [6]
  .text              ro code   0x800'12f4   0x13a  ldexp.o [6]
  .text              ro code   0x800'1430    0x36  DblToS32.o [6]
  .text              ro code   0x800'1468    0x22  S32ToDbl.o [6]
  .text              ro code   0x800'148c   0x24e  DblAddSub.o [6]
  .text              ro code   0x800'16dc   0x246  DblDiv.o [6]
  .text              ro code   0x800'1924    0x22  DblToU32.o [6]
  .text              ro code   0x800'1948    0x1c  U32ToDbl.o [6]
  .text              ro code   0x800'1964   0x1aa  DblMul.o [6]
  .text              ro code   0x800'1b10     0x8  xlocale_c.o [5]
  .text              ro code   0x800'1b18   0x230  I64DivMod.o [7]
  .text              ro code   0x800'1d48     0x6  abort.o [5]
  .text              ro code   0x800'1d50     0x2  I64DivZer.o [7]
  .text              ro code   0x800'1d54    0x14  exit.o [8]
  .text              ro code   0x800'1d68   0x664  main.o [1]
  .text              ro code   0x800'23cc   0x1ea  stm32f4xx_adc.o [4]
  .text              ro code   0x800'25b8    0xfc  stm32f4xx_gpio.o [4]
  .text              ro code   0x800'26b4   0x190  stm32f4xx_tim.o [4]
  .text              ro code   0x800'2844    0xa8  stm32f4xx_exti.o [4]
  .text              ro code   0x800'28ec   0x130  stm32f4xx_rcc.o [4]
  .text              ro code   0x800'2a1c   0x20c  stm32f4xx_dma.o [4]
  .text              ro code   0x800'2c28    0x80  misc.o [4]
  .text              ro code   0x800'2ca8   0x134  uart2.o [1]
  .text              ro code   0x800'2ddc    0x28  printf.o [5]
  .text              ro code   0x800'2e04   0x1c6  stm32f4xx_usart.o [4]
  .text              ro code   0x800'2fcc   0x124  system_stm32f4xx.o [3]
  Initializer bytes  const     0x800'30f0    0x60  <for P2-1>
  .text              ro code   0x800'3150    0x38  zero_init3.o [7]
  .text              ro code   0x800'3188    0x28  data_init.o [7]
  .text              ro code   0x800'31b0    0x22  fpinit_M.o [6]
  .iar.init_table    const     0x800'31d4    0x24  - Linker created -
  .text              ro code   0x800'31f8    0x1e  cmain.o [7]
  .text              ro code   0x800'3216     0x4  low_level_init.o [5]
  .text              ro code   0x800'321a     0x4  exit.o [5]
  .text              ro code   0x800'3220     0xa  cexit.o [7]
  .text              ro code   0x800'322c    0x1c  cstartup_M.o [7]
  .rodata            const     0x800'3248    0x18  main.o [1]
  .text              ro code   0x800'3260    0x16  xprout.o [5]
  .text              ro code   0x800'3278    0x10  startup_stm32f40_41xxx.o [2]
  .rodata            const     0x800'3288     0x8  main.o [1]
  .text              ro code   0x800'3290     0x4  startup_stm32f40_41xxx.o [2]
  .text              ro code   0x800'3294     0x4  startup_stm32f40_41xxx.o [2]
  .text              ro code   0x800'3298     0x4  startup_stm32f40_41xxx.o [2]
  .text              ro code   0x800'329c     0x4  startup_stm32f40_41xxx.o [2]
  .text              ro code   0x800'32a0     0x4  startup_stm32f40_41xxx.o [2]
  .text              ro code   0x800'32a4     0x4  startup_stm32f40_41xxx.o [2]
  .text              ro code   0x800'32a8     0x4  startup_stm32f40_41xxx.o [2]
  .text              ro code   0x800'32ac     0x4  startup_stm32f40_41xxx.o [2]
  .text              ro code   0x800'32b0     0x4  startup_stm32f40_41xxx.o [2]
  .text              ro code   0x800'32b4     0x4  startup_stm32f40_41xxx.o [2]
  .text              ro code   0x800'32b8     0x4  startup_stm32f40_41xxx.o [2]
  .text              ro code   0x800'32bc     0x4  startup_stm32f40_41xxx.o [2]
  .text              ro code   0x800'32c0     0x4  startup_stm32f40_41xxx.o [2]
  .text              ro code   0x800'32c4     0x4  startup_stm32f40_41xxx.o [2]
  .text              ro code   0x800'32c8     0x4  startup_stm32f40_41xxx.o [2]
  .text              ro code   0x800'32cc     0x4  startup_stm32f40_41xxx.o [2]
  .text              ro code   0x800'32d0     0x4  startup_stm32f40_41xxx.o [2]
  .text              ro code   0x800'32d4     0x4  startup_stm32f40_41xxx.o [2]
  .text              ro code   0x800'32d8     0x4  startup_stm32f40_41xxx.o [2]
  .text              ro code   0x800'32dc     0x4  startup_stm32f40_41xxx.o [2]
  .text              ro code   0x800'32e0     0x4  startup_stm32f40_41xxx.o [2]
  .text              ro code   0x800'32e4     0x4  startup_stm32f40_41xxx.o [2]
  .text              ro code   0x800'32e8     0x4  startup_stm32f40_41xxx.o [2]
  .text              ro code   0x800'32ec     0x4  startup_stm32f40_41xxx.o [2]
  .text              ro code   0x800'32f0     0x4  startup_stm32f40_41xxx.o [2]
  .text              ro code   0x800'32f4     0x4  startup_stm32f40_41xxx.o [2]
  .text              ro code   0x800'32f8     0x4  startup_stm32f40_41xxx.o [2]
  .text              ro code   0x800'32fc     0x4  startup_stm32f40_41xxx.o [2]
  .text              ro code   0x800'3300     0x4  startup_stm32f40_41xxx.o [2]
  .text              ro code   0x800'3304     0x4  startup_stm32f40_41xxx.o [2]
  .text              ro code   0x800'3308     0x4  startup_stm32f40_41xxx.o [2]
  .text              ro code   0x800'330c     0x4  startup_stm32f40_41xxx.o [2]
  .text              ro code   0x800'3310     0x4  startup_stm32f40_41xxx.o [2]
  .text              ro code   0x800'3314     0x4  startup_stm32f40_41xxx.o [2]
  .text              ro code   0x800'3318     0x4  startup_stm32f40_41xxx.o [2]
  .text              ro code   0x800'331c     0x4  startup_stm32f40_41xxx.o [2]
  .text              ro code   0x800'3320     0x4  startup_stm32f40_41xxx.o [2]
  .text              ro code   0x800'3324     0x4  startup_stm32f40_41xxx.o [2]
  .text              ro code   0x800'3328     0x4  startup_stm32f40_41xxx.o [2]
  .text              ro code   0x800'332c     0x4  startup_stm32f40_41xxx.o [2]
  .text              ro code   0x800'3330     0x4  startup_stm32f40_41xxx.o [2]
  .text              ro code   0x800'3334     0x4  startup_stm32f40_41xxx.o [2]
  .text              ro code   0x800'3338     0x4  startup_stm32f40_41xxx.o [2]
  .text              ro code   0x800'333c     0x4  startup_stm32f40_41xxx.o [2]
  .text              ro code   0x800'3340     0x4  startup_stm32f40_41xxx.o [2]
  .text              ro code   0x800'3344     0x4  startup_stm32f40_41xxx.o [2]
  .text              ro code   0x800'3348     0x4  startup_stm32f40_41xxx.o [2]
  .text              ro code   0x800'334c     0x4  startup_stm32f40_41xxx.o [2]
  .text              ro code   0x800'3350     0x4  startup_stm32f40_41xxx.o [2]
  .text              ro code   0x800'3354     0x4  startup_stm32f40_41xxx.o [2]
  .text              ro code   0x800'3358     0x4  startup_stm32f40_41xxx.o [2]
  .text              ro code   0x800'335c     0x4  startup_stm32f40_41xxx.o [2]
  .text              ro code   0x800'3360     0x4  startup_stm32f40_41xxx.o [2]
  .text              ro code   0x800'3364     0x4  startup_stm32f40_41xxx.o [2]
  .text              ro code   0x800'3368     0x4  startup_stm32f40_41xxx.o [2]
  .text              ro code   0x800'336c     0x4  startup_stm32f40_41xxx.o [2]
  .text              ro code   0x800'3370     0x4  startup_stm32f40_41xxx.o [2]
  .text              ro code   0x800'3374     0x4  startup_stm32f40_41xxx.o [2]
  .text              ro code   0x800'3378     0x4  startup_stm32f40_41xxx.o [2]
  .text              ro code   0x800'337c     0x4  startup_stm32f40_41xxx.o [2]
  .text              ro code   0x800'3380     0x4  startup_stm32f40_41xxx.o [2]
  .text              ro code   0x800'3384     0x4  startup_stm32f40_41xxx.o [2]
  .text              ro code   0x800'3388     0x4  startup_stm32f40_41xxx.o [2]
  .text              ro code   0x800'338c     0x4  startup_stm32f40_41xxx.o [2]
  .text              ro code   0x800'3390     0x4  startup_stm32f40_41xxx.o [2]
  .text              ro code   0x800'3394     0x4  startup_stm32f40_41xxx.o [2]
  .text              ro code   0x800'3398     0x4  startup_stm32f40_41xxx.o [2]
  .text              ro code   0x800'339c     0x4  startup_stm32f40_41xxx.o [2]
  .text              ro code   0x800'33a0     0x4  startup_stm32f40_41xxx.o [2]
  .text              ro code   0x800'33a4     0x4  startup_stm32f40_41xxx.o [2]
  .text              ro code   0x800'33a8     0x4  startup_stm32f40_41xxx.o [2]
  .text              ro code   0x800'33ac     0x4  startup_stm32f40_41xxx.o [2]
  .text              ro code   0x800'33b0     0x4  startup_stm32f40_41xxx.o [2]
  .rodata            const     0x800'33b4     0x0  zero_init3.o [7]
  .rodata            const     0x800'33b4     0x0  copy_init3.o [7]
                             - 0x800'33b4  0x322c

"P2", part 1 of 3:                           0x60
  P2-1                        0x2000'0000    0x60  <Init block>
    .data            inited   0x2000'0000    0x14  main.o [1]
    .data            inited   0x2000'0014     0x4  main.o [1]
    .data            inited   0x2000'0018    0x10  stm32f4xx_rcc.o [4]
    .data            inited   0x2000'0028    0x38  xlocale_c.o [5]
                            - 0x2000'0060    0x60

"P2", part 2 of 3:                           0x5c
  .bss               zero     0x2000'0060    0x34  uart2.o [1]
  .bss               zero     0x2000'0094     0x4  main.o [1]
  .bss               zero     0x2000'0098     0x4  main.o [1]
  .bss               zero     0x2000'009c     0x4  main.o [1]
  .bss               zero     0x2000'00a0     0x4  main.o [1]
  .bss               zero     0x2000'00a4     0x4  main.o [1]
  .bss               zero     0x2000'00a8     0x4  main.o [1]
  .bss               zero     0x2000'00ac     0x4  main.o [1]
  .bss               zero     0x2000'00b0     0x4  uart2.o [1]
  .bss               zero     0x2000'00b4     0x4  xfail_s.o [5]
  .bss               zero     0x2000'00b8     0x2  main.o [1]
  .bss               zero     0x2000'00ba     0x1  uart2.o [1]
                            - 0x2000'00bb    0x5b

"P2", part 3 of 3:                         0x2000
  CSTACK                      0x2000'00c0  0x2000  <Block>
    CSTACK           uninit   0x2000'00c0  0x2000  <Block tail>
                            - 0x2000'20c0  0x2000

Unused ranges:

         From           To      Size
         ----           --      ----
   0x800'33b4   0x80f'ffff  0xf'cc4c
  0x2000'00bc  0x2000'00bf       0x4
  0x2000'20c0  0x2001'ffff  0x1'df40


*******************************************************************************
*** INIT TABLE
***

          Address      Size
          -------      ----
Zero (__iar_zero_init3)
    1 destination range, total size 0x5b:
          0x2000'0060  0x5b

Copy (__iar_copy_init3)
    1 source range, total size 0x60:
           0x800'30f0  0x60
    1 destination range, total size 0x60:
          0x2000'0000  0x60



*******************************************************************************
*** MODULE SUMMARY
***

    Module                    ro code  ro data  rw data
    ------                    -------  -------  -------
command line/config:
    ---------------------------------------------------
    Total:

C:\Users\IoT18\Documents\iar\sampleUart2_tim10_pwd_moter_count\Debug\Obj: [1]
    main.o                      1'636       56       54
    uart2.o                       308                57
    ---------------------------------------------------
    Total:                      1'944       56      111

C:\Users\IoT18\Documents\iar\sampleUart2_tim10_pwd_moter_count\Debug\Obj\CMSIS: [2]
    startup_stm32f40_41xxx.o      700
    ---------------------------------------------------
    Total:                        700

C:\Users\IoT18\Documents\iar\sampleUart2_tim10_pwd_moter_count\Debug\Obj\COMM: [3]
    stm32f4xx_it.o                 18
    system_stm32f4xx.o            292
    ---------------------------------------------------
    Total:                        310

C:\Users\IoT18\Documents\iar\sampleUart2_tim10_pwd_moter_count\Debug\Obj\STM32: [4]
    misc.o                        128
    stm32f4xx_adc.o               490
    stm32f4xx_dma.o               524
    stm32f4xx_exti.o              168
    stm32f4xx_gpio.o              252
    stm32f4xx_rcc.o               304       16       16
    stm32f4xx_tim.o               400
    stm32f4xx_usart.o             454
    ---------------------------------------------------
    Total:                      2'720       16       16

dl7M_tlf.a: [5]
    abort.o                         6
    exit.o                          4
    low_level_init.o                4
    printf.o                       40
    xfail_s.o                      64                 4
    xlocale_c.o                     8       59       56
    xprintffull_nomb.o          3'786
    xprout.o                       22
    ---------------------------------------------------
    Total:                      3'934       59       60

m7M_tls.a: [6]
    DblAddSub.o                   590
    DblCmpGe.o                     52
    DblCmpLe.o                     52
    DblDiv.o                      582
    DblMul.o                      426
    DblToS32.o                     54
    DblToU32.o                     34
    S32ToDbl.o                     34
    U32ToDbl.o                     28
    fpinit_M.o                     34
    frexp.o                       112
    ldexp.o                       314
    ---------------------------------------------------
    Total:                      2'312

rt7M_tl.a: [7]
    ABImemcpy.o                   166
    I64DivMod.o                   560
    I64DivZer.o                     2
    cexit.o                        10
    cmain.o                        30
    copy_init3.o                   42
    cstartup_M.o                   28
    data_init.o                    40
    memchr.o                       88
    strchr.o                       22
    strlen.o                       54
    zero_init3.o                   56
    ---------------------------------------------------
    Total:                      1'098

shb_l.a: [8]
    exit.o                         20
    ---------------------------------------------------
    Total:                         20

    Gaps                           29        2
    Linker created                          36    8'192
-------------------------------------------------------
    Grand Total:               13'067      169    8'379


*******************************************************************************
*** ENTRY LIST
***

Entry                       Address   Size  Type      Object
-----                       -------   ----  ----      ------
.iar.init_table$$Base    0x800'31d4          --   Gb  - Linker created -
.iar.init_table$$Limit   0x800'31f8          --   Gb  - Linker created -
?main                    0x800'31f9         Code  Gb  cmain.o [7]
ADC1_Configuration       0x800'2001   0xf2  Code  Gb  main.o [1]
ADCConvertedValues      0x2000'0094    0x4  Data  Gb  main.o [1]
ADC_ClearITPendingBit    0x800'25a9    0xe  Code  Gb  stm32f4xx_adc.o [4]
ADC_Cmd                  0x800'2435   0x1a  Code  Gb  stm32f4xx_adc.o [4]
ADC_CommonInit           0x800'2417   0x1e  Code  Gb  stm32f4xx_adc.o [4]
ADC_DMACmd               0x800'2533   0x1a  Code  Gb  stm32f4xx_adc.o [4]
ADC_DMARequestAfterLastTransferCmd
                         0x800'254d   0x1a  Code  Gb  stm32f4xx_adc.o [4]
ADC_GetConversionValue   0x800'252d    0x6  Code  Gb  stm32f4xx_adc.o [4]
ADC_GetITStatus          0x800'2579   0x30  Code  Gb  stm32f4xx_adc.o [4]
ADC_IRQHandler           0x800'1d89   0x34  Code  Gb  main.o [1]
ADC_Init                 0x800'23cd   0x4a  Code  Gb  stm32f4xx_adc.o [4]
ADC_RegularChannelConfig
                         0x800'244f   0xd4  Code  Gb  stm32f4xx_adc.o [4]
ADC_SoftwareStartConv    0x800'2523    0xa  Code  Gb  stm32f4xx_adc.o [4]
APBAHBPrescTable        0x2000'0018   0x10  Data  Lc  stm32f4xx_rcc.o [4]
BusFault_Handler         0x800'1099    0x2  Code  Gb  stm32f4xx_it.o [3]
CAN1_RX0_IRQHandler      0x800'32c9         Code  Wk  startup_stm32f40_41xxx.o [2]
CAN1_RX1_IRQHandler      0x800'32cd         Code  Wk  startup_stm32f40_41xxx.o [2]
CAN1_SCE_IRQHandler      0x800'32d1         Code  Wk  startup_stm32f40_41xxx.o [2]
CAN1_TX_IRQHandler       0x800'32c5         Code  Wk  startup_stm32f40_41xxx.o [2]
CAN2_RX0_IRQHandler      0x800'336d         Code  Wk  startup_stm32f40_41xxx.o [2]
CAN2_RX1_IRQHandler      0x800'3371         Code  Wk  startup_stm32f40_41xxx.o [2]
CAN2_SCE_IRQHandler      0x800'3375         Code  Wk  startup_stm32f40_41xxx.o [2]
CAN2_TX_IRQHandler       0x800'3369         Code  Wk  startup_stm32f40_41xxx.o [2]
CRYP_IRQHandler          0x800'33a9         Code  Wk  startup_stm32f40_41xxx.o [2]
CSTACK$$Base            0x2000'00c0          --   Gb  - Linker created -
CSTACK$$Limit           0x2000'20c0          --   Gb  - Linker created -
DCMI_IRQHandler          0x800'33a5         Code  Wk  startup_stm32f40_41xxx.o [2]
DMA1_Stream0_IRQHandler
                         0x800'32a9         Code  Wk  startup_stm32f40_41xxx.o [2]
DMA1_Stream1_IRQHandler
                         0x800'32ad         Code  Wk  startup_stm32f40_41xxx.o [2]
DMA1_Stream2_IRQHandler
                         0x800'32b1         Code  Wk  startup_stm32f40_41xxx.o [2]
DMA1_Stream3_IRQHandler
                         0x800'32b5         Code  Wk  startup_stm32f40_41xxx.o [2]
DMA1_Stream4_IRQHandler
                         0x800'32b9         Code  Wk  startup_stm32f40_41xxx.o [2]
DMA1_Stream5_IRQHandler
                         0x800'32bd         Code  Wk  startup_stm32f40_41xxx.o [2]
DMA1_Stream6_IRQHandler
                         0x800'32c1         Code  Wk  startup_stm32f40_41xxx.o [2]
DMA1_Stream7_IRQHandler
                         0x800'3329         Code  Wk  startup_stm32f40_41xxx.o [2]
DMA2_Stream0_IRQHandler
                         0x800'334d         Code  Wk  startup_stm32f40_41xxx.o [2]
DMA2_Stream1_IRQHandler
                         0x800'3351         Code  Wk  startup_stm32f40_41xxx.o [2]
DMA2_Stream2_IRQHandler
                         0x800'3355         Code  Wk  startup_stm32f40_41xxx.o [2]
DMA2_Stream3_IRQHandler
                         0x800'3359         Code  Wk  startup_stm32f40_41xxx.o [2]
DMA2_Stream4_IRQHandler
                         0x800'335d         Code  Wk  startup_stm32f40_41xxx.o [2]
DMA2_Stream5_IRQHandler
                         0x800'337d         Code  Wk  startup_stm32f40_41xxx.o [2]
DMA2_Stream6_IRQHandler
                         0x800'3381         Code  Wk  startup_stm32f40_41xxx.o [2]
DMA2_Stream7_IRQHandler
                         0x800'3385         Code  Wk  startup_stm32f40_41xxx.o [2]
DMA_Cmd                  0x800'2bad   0x1a  Code  Gb  stm32f4xx_dma.o [4]
DMA_DeInit               0x800'2a1d  0x140  Code  Gb  stm32f4xx_dma.o [4]
DMA_Init                 0x800'2b5d   0x50  Code  Gb  stm32f4xx_dma.o [4]
DebugMon_Handler         0x800'109f    0x2  Code  Gb  stm32f4xx_it.o [3]
Delay                    0x800'1d69   0x20  Code  Lc  main.o [1]
ETH_IRQHandler           0x800'3361         Code  Wk  startup_stm32f40_41xxx.o [2]
ETH_WKUP_IRQHandler      0x800'3365         Code  Wk  startup_stm32f40_41xxx.o [2]
EXTI0_IRQHandler         0x800'1efd   0x2c  Code  Gb  main.o [1]
EXTI15_10_IRQHandler     0x800'330d         Code  Wk  startup_stm32f40_41xxx.o [2]
EXTI1_IRQHandler         0x800'1f29   0x2c  Code  Gb  main.o [1]
EXTI2_IRQHandler         0x800'1f55   0x2c  Code  Gb  main.o [1]
EXTI3_IRQHandler         0x800'1f81   0x14  Code  Gb  main.o [1]
EXTI4_IRQHandler         0x800'1f95   0x24  Code  Gb  main.o [1]
EXTI9_5_IRQHandler       0x800'1fb9   0x48  Code  Gb  main.o [1]
EXTI_ClearITPendingBit   0x800'28d1    0x6  Code  Gb  stm32f4xx_exti.o [4]
EXTI_GetITStatus         0x800'28bd   0x14  Code  Gb  stm32f4xx_exti.o [4]
EXTI_Init                0x800'2845   0x78  Code  Gb  stm32f4xx_exti.o [4]
FLASH_IRQHandler         0x800'32a1         Code  Wk  startup_stm32f40_41xxx.o [2]
FPU_IRQHandler           0x800'33b1         Code  Wk  startup_stm32f40_41xxx.o [2]
FSMC_IRQHandler          0x800'332d         Code  Wk  startup_stm32f40_41xxx.o [2]
Font                    0x2000'0000   0x14  Data  Gb  main.o [1]
GPIO_Init                0x800'25b9   0x90  Code  Gb  stm32f4xx_gpio.o [4]
GPIO_PinAFConfig         0x800'2665   0x50  Code  Gb  stm32f4xx_gpio.o [4]
GPIO_ResetBits           0x800'264d    0x4  Code  Gb  stm32f4xx_gpio.o [4]
GPIO_SetBits             0x800'2649    0x4  Code  Gb  stm32f4xx_gpio.o [4]
GPIO_Write               0x800'265f    0x6  Code  Gb  stm32f4xx_gpio.o [4]
GPIO_WriteBit            0x800'2651    0xe  Code  Gb  stm32f4xx_gpio.o [4]
HASH_RNG_IRQHandler      0x800'33ad         Code  Wk  startup_stm32f40_41xxx.o [2]
HardFault_Handler        0x800'1095    0x2  Code  Gb  stm32f4xx_it.o [3]
I2C1_ER_IRQHandler       0x800'32f1         Code  Wk  startup_stm32f40_41xxx.o [2]
I2C1_EV_IRQHandler       0x800'32ed         Code  Wk  startup_stm32f40_41xxx.o [2]
I2C2_ER_IRQHandler       0x800'32f9         Code  Wk  startup_stm32f40_41xxx.o [2]
I2C2_EV_IRQHandler       0x800'32f5         Code  Wk  startup_stm32f40_41xxx.o [2]
I2C3_ER_IRQHandler       0x800'3391         Code  Wk  startup_stm32f40_41xxx.o [2]
I2C3_EV_IRQHandler       0x800'338d         Code  Wk  startup_stm32f40_41xxx.o [2]
LSegment                 0x800'1e1d   0x60  Code  Gb  main.o [1]
MemManage_Handler        0x800'1097    0x2  Code  Gb  stm32f4xx_it.o [3]
NMI_Handler              0x800'1093    0x2  Code  Gb  stm32f4xx_it.o [3]
NVIC_Init                0x800'2c33   0x62  Code  Gb  misc.o [4]
NVIC_PriorityGroupConfig
                         0x800'2c29    0xa  Code  Gb  misc.o [4]
OTG_FS_IRQHandler        0x800'3379         Code  Wk  startup_stm32f40_41xxx.o [2]
OTG_FS_WKUP_IRQHandler   0x800'3315         Code  Wk  startup_stm32f40_41xxx.o [2]
OTG_HS_EP1_IN_IRQHandler
                         0x800'3399         Code  Wk  startup_stm32f40_41xxx.o [2]
OTG_HS_EP1_OUT_IRQHandler
                         0x800'3395         Code  Wk  startup_stm32f40_41xxx.o [2]
OTG_HS_IRQHandler        0x800'33a1         Code  Wk  startup_stm32f40_41xxx.o [2]
OTG_HS_WKUP_IRQHandler   0x800'339d         Code  Wk  startup_stm32f40_41xxx.o [2]
PVD_IRQHandler           0x800'3295         Code  Wk  startup_stm32f40_41xxx.o [2]
PendSV_Handler           0x800'10a1    0x2  Code  Gb  stm32f4xx_it.o [3]
RCC_AHB1PeriphClockCmd   0x800'29a9   0x1c  Code  Gb  stm32f4xx_rcc.o [4]
RCC_APB1PeriphClockCmd   0x800'29c5   0x1c  Code  Gb  stm32f4xx_rcc.o [4]
RCC_APB2PeriphClockCmd   0x800'29e1   0x1c  Code  Gb  stm32f4xx_rcc.o [4]
RCC_GetClocksFreq        0x800'28ed   0xbc  Code  Gb  stm32f4xx_rcc.o [4]
RCC_IRQHandler           0x800'32a5         Code  Wk  startup_stm32f40_41xxx.o [2]
RSegment                 0x800'1dbd   0x60  Code  Gb  main.o [1]
RTC_Alarm_IRQHandler     0x800'3311         Code  Wk  startup_stm32f40_41xxx.o [2]
RTC_WKUP_IRQHandler      0x800'329d         Code  Wk  startup_stm32f40_41xxx.o [2]
Region$$Table$$Base      0x800'31d4          --   Gb  - Linker created -
Region$$Table$$Limit     0x800'31f8          --   Gb  - Linker created -
Reset_Handler            0x800'3279         Code  Wk  startup_stm32f40_41xxx.o [2]
SDIO_IRQHandler          0x800'3331         Code  Wk  startup_stm32f40_41xxx.o [2]
SPI1_IRQHandler          0x800'32fd         Code  Wk  startup_stm32f40_41xxx.o [2]
SPI2_IRQHandler          0x800'3301         Code  Wk  startup_stm32f40_41xxx.o [2]
SPI3_IRQHandler          0x800'3339         Code  Wk  startup_stm32f40_41xxx.o [2]
SVC_Handler              0x800'109d    0x2  Code  Gb  stm32f4xx_it.o [3]
SetSysClock              0x800'3013   0xaa  Code  Lc  system_stm32f4xx.o [3]
SysTick_Handler          0x800'10a3    0x2  Code  Gb  stm32f4xx_it.o [3]
SystemInit               0x800'2fcd   0x46  Code  Gb  system_stm32f4xx.o [3]
TAMP_STAMP_IRQHandler    0x800'3299         Code  Wk  startup_stm32f40_41xxx.o [2]
TIM1_BRK_TIM9_IRQHandler
                         0x800'32d5         Code  Wk  startup_stm32f40_41xxx.o [2]
TIM1_CC_IRQHandler       0x800'32dd         Code  Wk  startup_stm32f40_41xxx.o [2]
TIM1_TRG_COM_TIM11_IRQHandler
                         0x800'32d9         Code  Wk  startup_stm32f40_41xxx.o [2]
TIM1_UP_TIM10_IRQHandler
                         0x800'1e7d   0x80  Code  Gb  main.o [1]
TIM2_IRQHandler          0x800'32e1         Code  Wk  startup_stm32f40_41xxx.o [2]
TIM3_IRQHandler          0x800'32e5         Code  Wk  startup_stm32f40_41xxx.o [2]
TIM4_IRQHandler          0x800'32e9         Code  Wk  startup_stm32f40_41xxx.o [2]
TIM5_IRQHandler          0x800'3335         Code  Wk  startup_stm32f40_41xxx.o [2]
TIM6_DAC_IRQHandler      0x800'3345         Code  Wk  startup_stm32f40_41xxx.o [2]
TIM7_IRQHandler          0x800'3349         Code  Wk  startup_stm32f40_41xxx.o [2]
TIM8_BRK_TIM12_IRQHandler
                         0x800'3319         Code  Wk  startup_stm32f40_41xxx.o [2]
TIM8_CC_IRQHandler       0x800'3325         Code  Wk  startup_stm32f40_41xxx.o [2]
TIM8_TRG_COM_TIM14_IRQHandler
                         0x800'3321         Code  Wk  startup_stm32f40_41xxx.o [2]
TIM8_UP_TIM13_IRQHandler
                         0x800'331d         Code  Wk  startup_stm32f40_41xxx.o [2]
TIM_ARRPreloadConfig     0x800'2723   0x1c  Code  Gb  stm32f4xx_tim.o [4]
TIM_ClearITPendingBit    0x800'283d    0x8  Code  Gb  stm32f4xx_tim.o [4]
TIM_Cmd                  0x800'273f   0x1c  Code  Gb  stm32f4xx_tim.o [4]
TIM_GetCounter           0x800'271f    0x4  Code  Gb  stm32f4xx_tim.o [4]
TIM_GetITStatus          0x800'2819   0x24  Code  Gb  stm32f4xx_tim.o [4]
TIM_ITConfig             0x800'2801   0x18  Code  Gb  stm32f4xx_tim.o [4]
TIM_OC1Init              0x800'275b   0x78  Code  Gb  stm32f4xx_tim.o [4]
TIM_OC1PreloadConfig     0x800'27f1   0x10  Code  Gb  stm32f4xx_tim.o [4]
TIM_TimeBaseInit         0x800'26b5   0x6a  Code  Gb  stm32f4xx_tim.o [4]
UART2_init               0x800'2ca9   0xbc  Code  Gb  uart2.o [1]
UART4_IRQHandler         0x800'333d         Code  Wk  startup_stm32f40_41xxx.o [2]
UART5_IRQHandler         0x800'3341         Code  Wk  startup_stm32f40_41xxx.o [2]
USART1_IRQHandler        0x800'3305         Code  Wk  startup_stm32f40_41xxx.o [2]
USART2_IRQHandler        0x800'2d87   0x42  Code  Gb  uart2.o [1]
USART2_IRQHandler{1}{2}::i
                        0x2000'00b0    0x4  Data  Lc  uart2.o [1]
USART3_IRQHandler        0x800'3309         Code  Wk  startup_stm32f40_41xxx.o [2]
USART6_IRQHandler        0x800'3389         Code  Wk  startup_stm32f40_41xxx.o [2]
USART_Cmd                0x800'2ecd   0x1c  Code  Gb  stm32f4xx_usart.o [4]
USART_GetFlagStatus      0x800'2f4d   0x1a  Code  Gb  stm32f4xx_usart.o [4]
USART_GetITStatus        0x800'2f67   0x64  Code  Gb  stm32f4xx_usart.o [4]
USART_ITConfig           0x800'2ef9   0x54  Code  Gb  stm32f4xx_usart.o [4]
USART_Init               0x800'2e05   0xba  Code  Gb  stm32f4xx_usart.o [4]
USART_ReceiveData        0x800'2ef1    0x8  Code  Gb  stm32f4xx_usart.o [4]
USART_SendData           0x800'2ee9    0x8  Code  Gb  stm32f4xx_usart.o [4]
UsageFault_Handler       0x800'109b    0x2  Code  Gb  stm32f4xx_it.o [3]
WWDG_IRQHandler          0x800'3291         Code  Wk  startup_stm32f40_41xxx.o [2]
_LC                      0x800'0189    0x6  Code  Lc  xprintffull_nomb.o [5]
_LitobFullNoMb           0x800'0e71  0x114  Code  Lc  xprintffull_nomb.o [5]
_Locale_lconv           0x2000'0028   0x38  Data  Lc  xlocale_c.o [5]
_PrintfFullNoMb          0x800'018f  0xcb4  Code  Gb  xprintffull_nomb.o [5]
_Prout                   0x800'3261   0x16  Code  Gb  xprout.o [5]
_PutcharsFullNoMb        0x800'0fdd   0x2e  Code  Lc  xprintffull_nomb.o [5]
__aeabi_cdcmple          0x800'128d         Code  Gb  DblCmpLe.o [6]
__aeabi_cdrcmple         0x800'12c1         Code  Gb  DblCmpGe.o [6]
__aeabi_d2iz             0x800'1431         Code  Gb  DblToS32.o [6]
__aeabi_d2uiz            0x800'1925         Code  Gb  DblToU32.o [6]
__aeabi_ddiv             0x800'16dd         Code  Gb  DblDiv.o [6]
__aeabi_dmul             0x800'1965         Code  Gb  DblMul.o [6]
__aeabi_dsub             0x800'15f9         Code  Gb  DblAddSub.o [6]
__aeabi_i2d              0x800'1469         Code  Gb  S32ToDbl.o [6]
__aeabi_ldiv0            0x800'1d51         Code  Gb  I64DivZer.o [7]
__aeabi_memcpy           0x800'1175         Code  Gb  ABImemcpy.o [7]
__aeabi_memcpy4          0x800'1195         Code  Gb  ABImemcpy.o [7]
__aeabi_memcpy8          0x800'1195         Code  Gb  ABImemcpy.o [7]
__aeabi_ui2d             0x800'1949         Code  Gb  U32ToDbl.o [6]
__aeabi_uldivmod         0x800'1b19         Code  Gb  I64DivMod.o [7]
__cmain                  0x800'31f9         Code  Gb  cmain.o [7]
__exit                   0x800'1d55   0x14  Code  Gb  exit.o [8]
__iar_Fail_s             0x800'10a5   0x1c  Code  Gb  xfail_s.o [5]
__iar_Memchr             0x800'111d         Code  Gb  memchr.o [7]
__iar_Strchr             0x800'107d         Code  Gb  strchr.o [7]
__iar_copy_init3         0x800'1053   0x2a  Code  Gb  copy_init3.o [7]
__iar_data_init3         0x800'3189   0x28  Code  Gb  data_init.o [7]
__iar_frexp              0x800'1229         Code  Gb  frexp.o [6]
__iar_frexpl             0x800'1229         Code  Gb  frexp.o [6]
__iar_init_vfp           0x800'31b1         Code  Gb  fpinit_M.o [6]
__iar_ldexp64            0x800'12f5         Code  Gb  ldexp.o [6]
__iar_program_start      0x800'322d         Code  Gb  cstartup_M.o [7]
__iar_scalbln64          0x800'12f5         Code  Gb  ldexp.o [6]
__iar_scalbn64           0x800'12f5         Code  Gb  ldexp.o [6]
__iar_softfp___iar_frexp64
                         0x800'121d         Code  Gb  frexp.o [6]
__iar_softfp_frexp       0x800'121d         Code  Gb  frexp.o [6]
__iar_softfp_frexpl      0x800'121d         Code  Gb  frexp.o [6]
__iar_zero_init3         0x800'3151   0x38  Code  Gb  zero_init3.o [7]
__low_level_init         0x800'3217    0x4  Code  Gb  low_level_init.o [5]
__vector_table           0x800'0000         Data  Gb  startup_stm32f40_41xxx.o [2]
_call_main               0x800'3205         Code  Gb  cmain.o [7]
_exit                    0x800'3221         Code  Gb  cexit.o [7]
abort                    0x800'1d49    0x6  Code  Gb  abort.o [5]
adc1Flag                0x2000'00ac    0x4  Data  Gb  main.o [1]
adc_data                0x2000'00b8    0x2  Data  Gb  main.o [1]
counter                 0x2000'00a8    0x4  Data  Gb  main.o [1]
exit                     0x800'321b    0x4  Code  Gb  exit.o [5]
ldexp                    0x800'12f5         Code  Gb  ldexp.o [6]
ldexpl                   0x800'12f5         Code  Gb  ldexp.o [6]
localeconv               0x800'1b11    0x4  Code  Gb  xlocale_c.o [5]
main                     0x800'20f3  0x280  Code  Gb  main.o [1]
memchr                   0x800'111d         Code  Gb  memchr.o [7]
ml_cnt                  0x2000'00a4    0x4  Data  Gb  main.o [1]
mr_cnt                  0x2000'009c    0x4  Data  Gb  main.o [1]
printf                   0x800'2ddd   0x28  Code  Gb  printf.o [5]
putchar                  0x800'2d65   0x22  Code  Gb  uart2.o [1]
pwm                     0x2000'0014    0x4  Data  Gb  main.o [1]
rx2Data                 0x2000'0060   0x34  Data  Gb  uart2.o [1]
rx2Flag                 0x2000'00ba    0x1  Data  Gb  uart2.o [1]
scalbln                  0x800'12f5         Code  Gb  ldexp.o [6]
scalblnl                 0x800'12f5         Code  Gb  ldexp.o [6]
scalbn                   0x800'12f5         Code  Gb  ldexp.o [6]
scalbnl                  0x800'12f5         Code  Gb  ldexp.o [6]
scale                    0x800'0f85   0x46  Code  Lc  xprintffull_nomb.o [5]
sec_hand                0x2000'00b4    0x4  Data  Lc  xfail_s.o [5]
strchr                   0x800'107d         Code  Gb  strchr.o [7]
strlen                   0x800'10e5         Code  Gb  strlen.o [7]
tl_cnt                  0x2000'00a0    0x4  Data  Gb  main.o [1]
tr_cnt                  0x2000'0098    0x4  Data  Gb  main.o [1]


[1] = C:\Users\IoT18\Documents\iar\sampleUart2_tim10_pwd_moter_count\Debug\Obj
[2] = C:\Users\IoT18\Documents\iar\sampleUart2_tim10_pwd_moter_count\Debug\Obj\CMSIS
[3] = C:\Users\IoT18\Documents\iar\sampleUart2_tim10_pwd_moter_count\Debug\Obj\COMM
[4] = C:\Users\IoT18\Documents\iar\sampleUart2_tim10_pwd_moter_count\Debug\Obj\STM32
[5] = dl7M_tlf.a
[6] = m7M_tls.a
[7] = rt7M_tl.a
[8] = shb_l.a

  13'067 bytes of readonly  code memory
     169 bytes of readonly  data memory
   8'379 bytes of readwrite data memory

Errors: none
Warnings: none
