###############################################################################
#
# IAR ELF Linker V9.32.1.338/W64 for ARM                  10/Mar/2023  09:13:49
# Copyright 2007-2022 IAR Systems AB.
#
#    Output file  =
#        C:\Users\IoT18\Documents\iar\sampleUart2_timer7_fnd_practice\Debug\Exe\sampleUart2.out
#    Map file     =
#        C:\Users\IoT18\Documents\iar\sampleUart2_timer7_fnd_practice\Debug\List\sampleUart2.map
#    Command line =
#        -f
#        C:\Users\IoT18\Documents\iar\sampleUart2_timer7_fnd_practice\Debug\Exe\sampleUart2.out.rsp
#        (C:\Users\IoT18\Documents\iar\sampleUart2_timer7_fnd_practice\Debug\Obj\key.o
#        C:\Users\IoT18\Documents\iar\sampleUart2_timer7_fnd_practice\Debug\Obj\lcd.o
#        C:\Users\IoT18\Documents\iar\sampleUart2_timer7_fnd_practice\Debug\Obj\main.o
#        C:\Users\IoT18\Documents\iar\sampleUart2_timer7_fnd_practice\Debug\Obj\STM32\misc.o
#        C:\Users\IoT18\Documents\iar\sampleUart2_timer7_fnd_practice\Debug\Obj\CMSIS\startup_stm32f40_41xxx.o
#        C:\Users\IoT18\Documents\iar\sampleUart2_timer7_fnd_practice\Debug\Obj\STM32\stm32f4xx_exti.o
#        C:\Users\IoT18\Documents\iar\sampleUart2_timer7_fnd_practice\Debug\Obj\STM32\stm32f4xx_gpio.o
#        C:\Users\IoT18\Documents\iar\sampleUart2_timer7_fnd_practice\Debug\Obj\COMM\stm32f4xx_it.o
#        C:\Users\IoT18\Documents\iar\sampleUart2_timer7_fnd_practice\Debug\Obj\STM32\stm32f4xx_rcc.o
#        C:\Users\IoT18\Documents\iar\sampleUart2_timer7_fnd_practice\Debug\Obj\STM32\stm32f4xx_syscfg.o
#        C:\Users\IoT18\Documents\iar\sampleUart2_timer7_fnd_practice\Debug\Obj\STM32\stm32f4xx_tim.o
#        C:\Users\IoT18\Documents\iar\sampleUart2_timer7_fnd_practice\Debug\Obj\STM32\stm32f4xx_usart.o
#        C:\Users\IoT18\Documents\iar\sampleUart2_timer7_fnd_practice\Debug\Obj\COMM\system_stm32f4xx.o
#        C:\Users\IoT18\Documents\iar\sampleUart2_timer7_fnd_practice\Debug\Obj\tim7_fnd.o
#        C:\Users\IoT18\Documents\iar\sampleUart2_timer7_fnd_practice\Debug\Obj\uart2.o
#        --no_out_extension -o
#        C:\Users\IoT18\Documents\iar\sampleUart2_timer7_fnd_practice\Debug\Exe\sampleUart2.out
#        --redirect _Printf=_PrintfFullNoMb --redirect _Scanf=_ScanfFullNoMb
#        --map
#        C:\Users\IoT18\Documents\iar\sampleUart2_timer7_fnd_practice\Debug\List\sampleUart2.map
#        --config
#        C:\Users\IoT18\Documents\iar\sampleUart2_timer7_fnd_practice\stm32f405xG.icf
#        --semihosting --entry __iar_program_start --vfe --text_out locale
#        --cpu=Cortex-M4 --fpu=VFPv4_sp)
#
###############################################################################

*******************************************************************************
*** RUNTIME MODEL ATTRIBUTES
***

CppFlavor       = *
__CPP_Runtime   = 1
__SystemLibrary = DLib
__dlib_version  = 6


*******************************************************************************
*** HEAP SELECTION
***

The basic heap was selected because --advanced_heap
was not specified and the application did not appear to
be primarily optimized for speed.


*******************************************************************************
*** PLACEMENT SUMMARY
***

"A0":  place at address 0x800'0000 { ro section .intvec };
"P1":  place in [from 0x800'0000 to 0x80f'ffff] { ro };
define block CSTACK with size = 8K, alignment = 8 { };
define block HEAP with size = 8K, alignment = 8 { };
"P2":  place in [from 0x2000'0000 to 0x2001'ffff] {
          rw, block CSTACK, block HEAP };
initialize by copy { rw };

No sections matched the following patterns:

  section .sram  in "P3"


  Section            Kind         Address    Size  Object
  -------            ----         -------    ----  ------
"A0":                                       0x188
  .intvec            ro code   0x800'0000   0x188  startup_stm32f40_41xxx.o [2]
                             - 0x800'0188   0x188

"P1":                                       0xb10
  .text              ro code   0x800'0188   0x21c  tim7_fnd.o [1]
  .text              ro code   0x800'03a4    0x40  stm32f4xx_rcc.o [4]
  .text              ro code   0x800'03e4    0xa4  stm32f4xx_gpio.o [4]
  .text              ro code   0x800'0488    0x80  misc.o [4]
  .text              ro code   0x800'0508    0xe8  stm32f4xx_tim.o [4]
  .text              ro code   0x800'05f0   0x124  system_stm32f4xx.o [3]
  .text              ro code   0x800'0714   0x118  lcd.o [1]
  .text              ro code   0x800'082c    0x78  key.o [1]
  .text              ro code   0x800'08a4    0x20  stm32f4xx_exti.o [4]
  .text              ro code   0x800'08c4    0x6c  stm32f4xx_usart.o [4]
  .text              ro code   0x800'0930    0x60  main.o [1]
  .text              ro code   0x800'0990    0x54  uart2.o [1]
  .text              ro code   0x800'09e4    0x38  zero_init3.o [7]
  .text              ro code   0x800'0a1c    0x2a  copy_init3.o [7]
  .text              ro code   0x800'0a46    0x12  stm32f4xx_it.o [3]
  .text              ro code   0x800'0a58    0x28  data_init.o [7]
  .text              ro code   0x800'0a80    0x22  fpinit_M.o [6]
  .iar.init_table    const     0x800'0aa4    0x24  - Linker created -
  Initializer bytes  const     0x800'0ac8    0x20  <for P2-1>
  .text              ro code   0x800'0ae8    0x1e  cmain.o [7]
  .text              ro code   0x800'0b06     0x4  low_level_init.o [5]
  .text              ro code   0x800'0b0a     0x4  exit.o [5]
  .text              ro code   0x800'0b10     0xa  cexit.o [7]
  .text              ro code   0x800'0b1c    0x14  exit.o [8]
  .text              ro code   0x800'0b30    0x1c  cstartup_M.o [7]
  .text              ro code   0x800'0b4c    0x10  startup_stm32f40_41xxx.o [2]
  .text              ro code   0x800'0b5c     0x4  startup_stm32f40_41xxx.o [2]
  .text              ro code   0x800'0b60     0x4  startup_stm32f40_41xxx.o [2]
  .text              ro code   0x800'0b64     0x4  startup_stm32f40_41xxx.o [2]
  .text              ro code   0x800'0b68     0x4  startup_stm32f40_41xxx.o [2]
  .text              ro code   0x800'0b6c     0x4  startup_stm32f40_41xxx.o [2]
  .text              ro code   0x800'0b70     0x4  startup_stm32f40_41xxx.o [2]
  .text              ro code   0x800'0b74     0x4  startup_stm32f40_41xxx.o [2]
  .text              ro code   0x800'0b78     0x4  startup_stm32f40_41xxx.o [2]
  .text              ro code   0x800'0b7c     0x4  startup_stm32f40_41xxx.o [2]
  .text              ro code   0x800'0b80     0x4  startup_stm32f40_41xxx.o [2]
  .text              ro code   0x800'0b84     0x4  startup_stm32f40_41xxx.o [2]
  .text              ro code   0x800'0b88     0x4  startup_stm32f40_41xxx.o [2]
  .text              ro code   0x800'0b8c     0x4  startup_stm32f40_41xxx.o [2]
  .text              ro code   0x800'0b90     0x4  startup_stm32f40_41xxx.o [2]
  .text              ro code   0x800'0b94     0x4  startup_stm32f40_41xxx.o [2]
  .text              ro code   0x800'0b98     0x4  startup_stm32f40_41xxx.o [2]
  .text              ro code   0x800'0b9c     0x4  startup_stm32f40_41xxx.o [2]
  .text              ro code   0x800'0ba0     0x4  startup_stm32f40_41xxx.o [2]
  .text              ro code   0x800'0ba4     0x4  startup_stm32f40_41xxx.o [2]
  .text              ro code   0x800'0ba8     0x4  startup_stm32f40_41xxx.o [2]
  .text              ro code   0x800'0bac     0x4  startup_stm32f40_41xxx.o [2]
  .text              ro code   0x800'0bb0     0x4  startup_stm32f40_41xxx.o [2]
  .text              ro code   0x800'0bb4     0x4  startup_stm32f40_41xxx.o [2]
  .text              ro code   0x800'0bb8     0x4  startup_stm32f40_41xxx.o [2]
  .text              ro code   0x800'0bbc     0x4  startup_stm32f40_41xxx.o [2]
  .text              ro code   0x800'0bc0     0x4  startup_stm32f40_41xxx.o [2]
  .text              ro code   0x800'0bc4     0x4  startup_stm32f40_41xxx.o [2]
  .text              ro code   0x800'0bc8     0x4  startup_stm32f40_41xxx.o [2]
  .text              ro code   0x800'0bcc     0x4  startup_stm32f40_41xxx.o [2]
  .text              ro code   0x800'0bd0     0x4  startup_stm32f40_41xxx.o [2]
  .text              ro code   0x800'0bd4     0x4  startup_stm32f40_41xxx.o [2]
  .text              ro code   0x800'0bd8     0x4  startup_stm32f40_41xxx.o [2]
  .text              ro code   0x800'0bdc     0x4  startup_stm32f40_41xxx.o [2]
  .text              ro code   0x800'0be0     0x4  startup_stm32f40_41xxx.o [2]
  .text              ro code   0x800'0be4     0x4  startup_stm32f40_41xxx.o [2]
  .text              ro code   0x800'0be8     0x4  startup_stm32f40_41xxx.o [2]
  .text              ro code   0x800'0bec     0x4  startup_stm32f40_41xxx.o [2]
  .text              ro code   0x800'0bf0     0x4  startup_stm32f40_41xxx.o [2]
  .text              ro code   0x800'0bf4     0x4  startup_stm32f40_41xxx.o [2]
  .text              ro code   0x800'0bf8     0x4  startup_stm32f40_41xxx.o [2]
  .text              ro code   0x800'0bfc     0x4  startup_stm32f40_41xxx.o [2]
  .text              ro code   0x800'0c00     0x4  startup_stm32f40_41xxx.o [2]
  .text              ro code   0x800'0c04     0x4  startup_stm32f40_41xxx.o [2]
  .text              ro code   0x800'0c08     0x4  startup_stm32f40_41xxx.o [2]
  .text              ro code   0x800'0c0c     0x4  startup_stm32f40_41xxx.o [2]
  .text              ro code   0x800'0c10     0x4  startup_stm32f40_41xxx.o [2]
  .text              ro code   0x800'0c14     0x4  startup_stm32f40_41xxx.o [2]
  .text              ro code   0x800'0c18     0x4  startup_stm32f40_41xxx.o [2]
  .text              ro code   0x800'0c1c     0x4  startup_stm32f40_41xxx.o [2]
  .text              ro code   0x800'0c20     0x4  startup_stm32f40_41xxx.o [2]
  .text              ro code   0x800'0c24     0x4  startup_stm32f40_41xxx.o [2]
  .text              ro code   0x800'0c28     0x4  startup_stm32f40_41xxx.o [2]
  .text              ro code   0x800'0c2c     0x4  startup_stm32f40_41xxx.o [2]
  .text              ro code   0x800'0c30     0x4  startup_stm32f40_41xxx.o [2]
  .text              ro code   0x800'0c34     0x4  startup_stm32f40_41xxx.o [2]
  .text              ro code   0x800'0c38     0x4  startup_stm32f40_41xxx.o [2]
  .text              ro code   0x800'0c3c     0x4  startup_stm32f40_41xxx.o [2]
  .text              ro code   0x800'0c40     0x4  startup_stm32f40_41xxx.o [2]
  .text              ro code   0x800'0c44     0x4  startup_stm32f40_41xxx.o [2]
  .text              ro code   0x800'0c48     0x4  startup_stm32f40_41xxx.o [2]
  .text              ro code   0x800'0c4c     0x4  startup_stm32f40_41xxx.o [2]
  .text              ro code   0x800'0c50     0x4  startup_stm32f40_41xxx.o [2]
  .text              ro code   0x800'0c54     0x4  startup_stm32f40_41xxx.o [2]
  .text              ro code   0x800'0c58     0x4  startup_stm32f40_41xxx.o [2]
  .text              ro code   0x800'0c5c     0x4  startup_stm32f40_41xxx.o [2]
  .text              ro code   0x800'0c60     0x4  startup_stm32f40_41xxx.o [2]
  .text              ro code   0x800'0c64     0x4  startup_stm32f40_41xxx.o [2]
  .text              ro code   0x800'0c68     0x4  startup_stm32f40_41xxx.o [2]
  .text              ro code   0x800'0c6c     0x4  startup_stm32f40_41xxx.o [2]
  .text              ro code   0x800'0c70     0x4  startup_stm32f40_41xxx.o [2]
  .text              ro code   0x800'0c74     0x4  startup_stm32f40_41xxx.o [2]
  .text              ro code   0x800'0c78     0x4  startup_stm32f40_41xxx.o [2]
  .text              ro code   0x800'0c7c     0x4  startup_stm32f40_41xxx.o [2]
  .text              ro code   0x800'0c80     0x4  startup_stm32f40_41xxx.o [2]
  .text              ro code   0x800'0c84     0x4  startup_stm32f40_41xxx.o [2]
  .text              ro code   0x800'0c88     0x4  startup_stm32f40_41xxx.o [2]
  .text              ro code   0x800'0c8c     0x4  startup_stm32f40_41xxx.o [2]
  .text              ro code   0x800'0c90     0x4  startup_stm32f40_41xxx.o [2]
  .text              ro code   0x800'0c94     0x4  startup_stm32f40_41xxx.o [2]
  .rodata            const     0x800'0c98     0x0  zero_init3.o [7]
  .rodata            const     0x800'0c98     0x0  copy_init3.o [7]
                             - 0x800'0c98   0xb10

"P2", part 1 of 3:                           0x20
  P2-1                        0x2000'0000    0x20  <Init block>
    .data            inited   0x2000'0000     0x4  main.o [1]
    .data            inited   0x2000'0004     0x4  main.o [1]
    .data            inited   0x2000'0008    0x14  tim7_fnd.o [1]
    .data            inited   0x2000'001c     0x4  tim7_fnd.o [1]
                            - 0x2000'0020    0x20

"P2", part 2 of 3:                           0x68
  .bss               zero     0x2000'0020    0x34  uart2.o [1]
  .bss               zero     0x2000'0054     0x4  key.o [1]
  .bss               zero     0x2000'0058     0x4  main.o [1]
  .bss               zero     0x2000'005c     0x4  tim7_fnd.o [1]
  .bss               zero     0x2000'0060     0x4  tim7_fnd.o [1]
  .bss               zero     0x2000'0064     0x4  tim7_fnd.o [1]
  .bss               zero     0x2000'0068     0x4  tim7_fnd.o [1]
  .bss               zero     0x2000'006c     0x4  tim7_fnd.o [1]
  .bss               zero     0x2000'0070     0x4  tim7_fnd.o [1]
  .bss               zero     0x2000'0074     0x4  tim7_fnd.o [1]
  .bss               zero     0x2000'0078     0x4  tim7_fnd.o [1]
  .bss               zero     0x2000'007c     0x4  tim7_fnd.o [1]
  .bss               zero     0x2000'0080     0x4  uart2.o [1]
  .bss               zero     0x2000'0084     0x1  uart2.o [1]
                            - 0x2000'0085    0x65

"P2", part 3 of 3:                         0x2000
  CSTACK                      0x2000'0088  0x2000  <Block>
    CSTACK           uninit   0x2000'0088  0x2000  <Block tail>
                            - 0x2000'2088  0x2000

Unused ranges:

         From           To      Size
         ----           --      ----
   0x800'0c98   0x80f'ffff  0xf'f368
  0x2000'2088  0x2001'ffff  0x1'df78


*******************************************************************************
*** INIT TABLE
***

          Address      Size
          -------      ----
Zero (__iar_zero_init3)
    1 destination range, total size 0x65:
          0x2000'0020  0x65

Copy (__iar_copy_init3)
    1 source range, total size 0x20:
           0x800'0ac8  0x20
    1 destination range, total size 0x20:
          0x2000'0000  0x20



*******************************************************************************
*** MODULE SUMMARY
***

    Module                    ro code  ro data  rw data
    ------                    -------  -------  -------
command line/config:
    ---------------------------------------------------
    Total:

C:\Users\IoT18\Documents\iar\sampleUart2_timer7_fnd_practice\Debug\Obj: [1]
    key.o                         120                 4
    lcd.o                         280
    main.o                         96        8       12
    tim7_fnd.o                    540       24       60
    uart2.o                        84                57
    ---------------------------------------------------
    Total:                      1'120       32      133

C:\Users\IoT18\Documents\iar\sampleUart2_timer7_fnd_practice\Debug\Obj\CMSIS: [2]
    startup_stm32f40_41xxx.o      724
    ---------------------------------------------------
    Total:                        724

C:\Users\IoT18\Documents\iar\sampleUart2_timer7_fnd_practice\Debug\Obj\COMM: [3]
    stm32f4xx_it.o                 18
    system_stm32f4xx.o            292
    ---------------------------------------------------
    Total:                        310

C:\Users\IoT18\Documents\iar\sampleUart2_timer7_fnd_practice\Debug\Obj\STM32: [4]
    misc.o                        128
    stm32f4xx_exti.o               32
    stm32f4xx_gpio.o              164
    stm32f4xx_rcc.o                64
    stm32f4xx_tim.o               232
    stm32f4xx_usart.o             108
    ---------------------------------------------------
    Total:                        728

dl7M_tlf.a: [5]
    exit.o                          4
    low_level_init.o                4
    ---------------------------------------------------
    Total:                          8

m7M_tls.a: [6]
    fpinit_M.o                     34
    ---------------------------------------------------
    Total:                         34

rt7M_tl.a: [7]
    cexit.o                        10
    cmain.o                        30
    copy_init3.o                   42
    cstartup_M.o                   28
    data_init.o                    40
    zero_init3.o                   56
    ---------------------------------------------------
    Total:                        206

shb_l.a: [8]
    exit.o                         20
    ---------------------------------------------------
    Total:                         20

    Gaps                            4        2
    Linker created                          36    8'192
-------------------------------------------------------
    Grand Total:                3'154       70    8'325


*******************************************************************************
*** ENTRY LIST
***

Entry                       Address  Size  Type      Object
-----                       -------  ----  ----      ------
.iar.init_table$$Base    0x800'0aa4         --   Gb  - Linker created -
.iar.init_table$$Limit   0x800'0ac8         --   Gb  - Linker created -
?main                    0x800'0ae9        Code  Gb  cmain.o [7]
ADC_IRQHandler           0x800'0ba5        Code  Wk  startup_stm32f40_41xxx.o [2]
BusFault_Handler         0x800'0a4d   0x2  Code  Gb  stm32f4xx_it.o [3]
CAN1_RX0_IRQHandler      0x800'0bad        Code  Wk  startup_stm32f40_41xxx.o [2]
CAN1_RX1_IRQHandler      0x800'0bb1        Code  Wk  startup_stm32f40_41xxx.o [2]
CAN1_SCE_IRQHandler      0x800'0bb5        Code  Wk  startup_stm32f40_41xxx.o [2]
CAN1_TX_IRQHandler       0x800'0ba9        Code  Wk  startup_stm32f40_41xxx.o [2]
CAN2_RX0_IRQHandler      0x800'0c51        Code  Wk  startup_stm32f40_41xxx.o [2]
CAN2_RX1_IRQHandler      0x800'0c55        Code  Wk  startup_stm32f40_41xxx.o [2]
CAN2_SCE_IRQHandler      0x800'0c59        Code  Wk  startup_stm32f40_41xxx.o [2]
CAN2_TX_IRQHandler       0x800'0c4d        Code  Wk  startup_stm32f40_41xxx.o [2]
CRYP_IRQHandler          0x800'0c8d        Code  Wk  startup_stm32f40_41xxx.o [2]
CSTACK$$Base            0x2000'0088         --   Gb  - Linker created -
CSTACK$$Limit           0x2000'2088         --   Gb  - Linker created -
DCMI_IRQHandler          0x800'0c89        Code  Wk  startup_stm32f40_41xxx.o [2]
DMA1_Stream0_IRQHandler
                         0x800'0b89        Code  Wk  startup_stm32f40_41xxx.o [2]
DMA1_Stream1_IRQHandler
                         0x800'0b8d        Code  Wk  startup_stm32f40_41xxx.o [2]
DMA1_Stream2_IRQHandler
                         0x800'0b91        Code  Wk  startup_stm32f40_41xxx.o [2]
DMA1_Stream3_IRQHandler
                         0x800'0b95        Code  Wk  startup_stm32f40_41xxx.o [2]
DMA1_Stream4_IRQHandler
                         0x800'0b99        Code  Wk  startup_stm32f40_41xxx.o [2]
DMA1_Stream5_IRQHandler
                         0x800'0b9d        Code  Wk  startup_stm32f40_41xxx.o [2]
DMA1_Stream6_IRQHandler
                         0x800'0ba1        Code  Wk  startup_stm32f40_41xxx.o [2]
DMA1_Stream7_IRQHandler
                         0x800'0c11        Code  Wk  startup_stm32f40_41xxx.o [2]
DMA2_Stream0_IRQHandler
                         0x800'0c31        Code  Wk  startup_stm32f40_41xxx.o [2]
DMA2_Stream1_IRQHandler
                         0x800'0c35        Code  Wk  startup_stm32f40_41xxx.o [2]
DMA2_Stream2_IRQHandler
                         0x800'0c39        Code  Wk  startup_stm32f40_41xxx.o [2]
DMA2_Stream3_IRQHandler
                         0x800'0c3d        Code  Wk  startup_stm32f40_41xxx.o [2]
DMA2_Stream4_IRQHandler
                         0x800'0c41        Code  Wk  startup_stm32f40_41xxx.o [2]
DMA2_Stream5_IRQHandler
                         0x800'0c61        Code  Wk  startup_stm32f40_41xxx.o [2]
DMA2_Stream6_IRQHandler
                         0x800'0c65        Code  Wk  startup_stm32f40_41xxx.o [2]
DMA2_Stream7_IRQHandler
                         0x800'0c69        Code  Wk  startup_stm32f40_41xxx.o [2]
DebugMon_Handler         0x800'0a53   0x2  Code  Gb  stm32f4xx_it.o [3]
Delay                    0x800'0715  0x20  Code  Lc  lcd.o [1]
Delay_us                 0x800'0735  0x1c  Code  Lc  lcd.o [1]
ETH_IRQHandler           0x800'0c45        Code  Wk  startup_stm32f40_41xxx.o [2]
ETH_WKUP_IRQHandler      0x800'0c49        Code  Wk  startup_stm32f40_41xxx.o [2]
EXTI0_IRQHandler         0x800'0b75        Code  Wk  startup_stm32f40_41xxx.o [2]
EXTI15_10_IRQHandler     0x800'082d  0x72  Code  Gb  key.o [1]
EXTI1_IRQHandler         0x800'0b79        Code  Wk  startup_stm32f40_41xxx.o [2]
EXTI2_IRQHandler         0x800'0b7d        Code  Wk  startup_stm32f40_41xxx.o [2]
EXTI3_IRQHandler         0x800'0b81        Code  Wk  startup_stm32f40_41xxx.o [2]
EXTI4_IRQHandler         0x800'0b85        Code  Wk  startup_stm32f40_41xxx.o [2]
EXTI9_5_IRQHandler       0x800'0bb9        Code  Wk  startup_stm32f40_41xxx.o [2]
EXTI_ClearITPendingBit   0x800'08b9   0x6  Code  Gb  stm32f4xx_exti.o [4]
EXTI_GetITStatus         0x800'08a5  0x14  Code  Gb  stm32f4xx_exti.o [4]
E_Pulse                  0x800'0793  0x1c  Code  Gb  lcd.o [1]
FLASH_IRQHandler         0x800'0b6d        Code  Wk  startup_stm32f40_41xxx.o [2]
FPU_IRQHandler           0x800'0c95        Code  Wk  startup_stm32f40_41xxx.o [2]
FSMC_IRQHandler          0x800'0c15        Code  Wk  startup_stm32f40_41xxx.o [2]
Font                    0x2000'0008  0x14  Data  Gb  tim7_fnd.o [1]
Func_Set                 0x800'07af  0x24  Code  Gb  lcd.o [1]
GPIOAB_LCD_Init          0x800'0751  0x42  Code  Gb  lcd.o [1]
GPIO_Init                0x800'03e5  0x90  Code  Gb  stm32f4xx_gpio.o [4]
GPIO_ReadInputData       0x800'0475   0x6  Code  Gb  stm32f4xx_gpio.o [4]
GPIO_ResetBits           0x800'047f   0x4  Code  Gb  stm32f4xx_gpio.o [4]
GPIO_SetBits             0x800'047b   0x4  Code  Gb  stm32f4xx_gpio.o [4]
GPIO_Write               0x800'0483   0x6  Code  Gb  stm32f4xx_gpio.o [4]
HASH_RNG_IRQHandler      0x800'0c91        Code  Wk  startup_stm32f40_41xxx.o [2]
HardFault_Handler        0x800'0a49   0x2  Code  Gb  stm32f4xx_it.o [3]
I2C1_ER_IRQHandler       0x800'0bdd        Code  Wk  startup_stm32f40_41xxx.o [2]
I2C1_EV_IRQHandler       0x800'0bd9        Code  Wk  startup_stm32f40_41xxx.o [2]
I2C2_ER_IRQHandler       0x800'0be5        Code  Wk  startup_stm32f40_41xxx.o [2]
I2C2_EV_IRQHandler       0x800'0be1        Code  Wk  startup_stm32f40_41xxx.o [2]
I2C3_ER_IRQHandler       0x800'0c75        Code  Wk  startup_stm32f40_41xxx.o [2]
I2C3_EV_IRQHandler       0x800'0c71        Code  Wk  startup_stm32f40_41xxx.o [2]
Init_LCD                 0x800'07d3  0x52  Code  Gb  lcd.o [1]
MemManage_Handler        0x800'0a4b   0x2  Code  Gb  stm32f4xx_it.o [3]
NMI_Handler              0x800'0a47   0x2  Code  Gb  stm32f4xx_it.o [3]
NVIC_Init                0x800'0493  0x62  Code  Gb  misc.o [4]
NVIC_PriorityGroupConfig
                         0x800'0489   0xa  Code  Gb  misc.o [4]
OTG_FS_IRQHandler        0x800'0c5d        Code  Wk  startup_stm32f40_41xxx.o [2]
OTG_FS_WKUP_IRQHandler   0x800'0bfd        Code  Wk  startup_stm32f40_41xxx.o [2]
OTG_HS_EP1_IN_IRQHandler
                         0x800'0c7d        Code  Wk  startup_stm32f40_41xxx.o [2]
OTG_HS_EP1_OUT_IRQHandler
                         0x800'0c79        Code  Wk  startup_stm32f40_41xxx.o [2]
OTG_HS_IRQHandler        0x800'0c85        Code  Wk  startup_stm32f40_41xxx.o [2]
OTG_HS_WKUP_IRQHandler   0x800'0c81        Code  Wk  startup_stm32f40_41xxx.o [2]
PVD_IRQHandler           0x800'0b61        Code  Wk  startup_stm32f40_41xxx.o [2]
PendSV_Handler           0x800'0a55   0x2  Code  Gb  stm32f4xx_it.o [3]
RCC_AHB1PeriphClockCmd   0x800'03a5  0x1c  Code  Gb  stm32f4xx_rcc.o [4]
RCC_APB1PeriphClockCmd   0x800'03c1  0x1c  Code  Gb  stm32f4xx_rcc.o [4]
RCC_IRQHandler           0x800'0b71        Code  Wk  startup_stm32f40_41xxx.o [2]
RTC_Alarm_IRQHandler     0x800'0bf9        Code  Wk  startup_stm32f40_41xxx.o [2]
RTC_WKUP_IRQHandler      0x800'0b69        Code  Wk  startup_stm32f40_41xxx.o [2]
Region$$Table$$Base      0x800'0aa4         --   Gb  - Linker created -
Region$$Table$$Limit     0x800'0ac8         --   Gb  - Linker created -
Reset_Handler            0x800'0b4d        Code  Wk  startup_stm32f40_41xxx.o [2]
SDIO_IRQHandler          0x800'0c19        Code  Wk  startup_stm32f40_41xxx.o [2]
SPI1_IRQHandler          0x800'0be9        Code  Wk  startup_stm32f40_41xxx.o [2]
SPI2_IRQHandler          0x800'0bed        Code  Wk  startup_stm32f40_41xxx.o [2]
SPI3_IRQHandler          0x800'0c21        Code  Wk  startup_stm32f40_41xxx.o [2]
SVC_Handler              0x800'0a51   0x2  Code  Gb  stm32f4xx_it.o [3]
SetSysClock              0x800'0637  0xaa  Code  Lc  system_stm32f4xx.o [3]
SysTick_Handler          0x800'0a57   0x2  Code  Gb  stm32f4xx_it.o [3]
SystemInit               0x800'05f1  0x46  Code  Gb  system_stm32f4xx.o [3]
TAMP_STAMP_IRQHandler    0x800'0b65        Code  Wk  startup_stm32f40_41xxx.o [2]
TIM1_BRK_TIM9_IRQHandler
                         0x800'0bbd        Code  Wk  startup_stm32f40_41xxx.o [2]
TIM1_CC_IRQHandler       0x800'0bc9        Code  Wk  startup_stm32f40_41xxx.o [2]
TIM1_TRG_COM_TIM11_IRQHandler
                         0x800'0bc5        Code  Wk  startup_stm32f40_41xxx.o [2]
TIM1_UP_TIM10_IRQHandler
                         0x800'0bc1        Code  Wk  startup_stm32f40_41xxx.o [2]
TIM2_IRQHandler          0x800'0bcd        Code  Wk  startup_stm32f40_41xxx.o [2]
TIM3_IRQHandler          0x800'0bd1        Code  Wk  startup_stm32f40_41xxx.o [2]
TIM4_IRQHandler          0x800'0bd5        Code  Wk  startup_stm32f40_41xxx.o [2]
TIM5_IRQHandler          0x800'0c1d        Code  Wk  startup_stm32f40_41xxx.o [2]
TIM6_DAC_IRQHandler      0x800'0c2d        Code  Wk  startup_stm32f40_41xxx.o [2]
TIM7_Fnd_Init            0x800'0189  0xa0  Code  Gb  tim7_fnd.o [1]
TIM7_IRQHandler          0x800'0229  0x5a  Code  Gb  tim7_fnd.o [1]
TIM7_IRQHandler::fnd_digit
                        0x2000'001c   0x4  Data  Lc  tim7_fnd.o [1]
TIM8_BRK_TIM12_IRQHandler
                         0x800'0c01        Code  Wk  startup_stm32f40_41xxx.o [2]
TIM8_CC_IRQHandler       0x800'0c0d        Code  Wk  startup_stm32f40_41xxx.o [2]
TIM8_TRG_COM_TIM14_IRQHandler
                         0x800'0c09        Code  Wk  startup_stm32f40_41xxx.o [2]
TIM8_UP_TIM13_IRQHandler
                         0x800'0c05        Code  Wk  startup_stm32f40_41xxx.o [2]
TIM_ClearITPendingBit    0x800'05e9   0x8  Code  Gb  stm32f4xx_tim.o [4]
TIM_Cmd                  0x800'0573  0x1c  Code  Gb  stm32f4xx_tim.o [4]
TIM_GetITStatus          0x800'05c5  0x24  Code  Gb  stm32f4xx_tim.o [4]
TIM_ITConfig             0x800'05ad  0x18  Code  Gb  stm32f4xx_tim.o [4]
TIM_TimeBaseInit         0x800'0509  0x6a  Code  Gb  stm32f4xx_tim.o [4]
UART4_IRQHandler         0x800'0c25        Code  Wk  startup_stm32f40_41xxx.o [2]
UART5_IRQHandler         0x800'0c29        Code  Wk  startup_stm32f40_41xxx.o [2]
USART1_IRQHandler        0x800'0bf1        Code  Wk  startup_stm32f40_41xxx.o [2]
USART2_IRQHandler        0x800'0991  0x42  Code  Gb  uart2.o [1]
USART2_IRQHandler{1}{2}::i
                        0x2000'0080   0x4  Data  Lc  uart2.o [1]
USART3_IRQHandler        0x800'0bf5        Code  Wk  startup_stm32f40_41xxx.o [2]
USART6_IRQHandler        0x800'0c6d        Code  Wk  startup_stm32f40_41xxx.o [2]
USART_GetITStatus        0x800'08cd  0x64  Code  Gb  stm32f4xx_usart.o [4]
USART_ReceiveData        0x800'08c5   0x8  Code  Gb  stm32f4xx_usart.o [4]
UsageFault_Handler       0x800'0a4f   0x2  Code  Gb  stm32f4xx_it.o [3]
WWDG_IRQHandler          0x800'0b5d        Code  Wk  startup_stm32f40_41xxx.o [2]
__cmain                  0x800'0ae9        Code  Gb  cmain.o [7]
__exit                   0x800'0b1d  0x14  Code  Gb  exit.o [8]
__iar_copy_init3         0x800'0a1d  0x2a  Code  Gb  copy_init3.o [7]
__iar_data_init3         0x800'0a59  0x28  Code  Gb  data_init.o [7]
__iar_init_vfp           0x800'0a81        Code  Gb  fpinit_M.o [6]
__iar_program_start      0x800'0b31        Code  Gb  cstartup_M.o [7]
__iar_zero_init3         0x800'09e5  0x38  Code  Gb  zero_init3.o [7]
__low_level_init         0x800'0b07   0x4  Code  Gb  low_level_init.o [5]
__vector_table           0x800'0000        Data  Gb  startup_stm32f40_41xxx.o [2]
_call_main               0x800'0af5        Code  Gb  cmain.o [7]
_exit                    0x800'0b11        Code  Gb  cexit.o [7]
display_digit            0x800'0319  0x56  Code  Gb  tim7_fnd.o [1]
display_fnd              0x800'0283  0x96  Code  Gb  tim7_fnd.o [1]
display_fnd::buff       0x2000'007c   0x4  Data  Lc  tim7_fnd.o [1]
display_fnd::n1         0x2000'0078   0x4  Data  Lc  tim7_fnd.o [1]
display_fnd::n10        0x2000'0074   0x4  Data  Lc  tim7_fnd.o [1]
display_fnd::n100       0x2000'0070   0x4  Data  Lc  tim7_fnd.o [1]
display_fnd::n1000      0x2000'006c   0x4  Data  Lc  tim7_fnd.o [1]
exit                     0x800'0b0b   0x4  Code  Gb  exit.o [5]
fndNumber               0x2000'0068   0x4  Data  Gb  tim7_fnd.o [1]
hour                    0x2000'0000   0x4  Data  Gb  main.o [1]
key                     0x2000'0054   0x4  Data  Gb  key.o [1]
main                     0x800'0931  0x60  Code  Gb  main.o [1]
min                     0x2000'0004   0x4  Data  Gb  main.o [1]
rx2Data                 0x2000'0020  0x34  Data  Gb  uart2.o [1]
rx2Flag                 0x2000'0084   0x1  Data  Gb  uart2.o [1]
sec                     0x2000'0058   0x4  Data  Gb  main.o [1]
systick_count           0x2000'0060   0x4  Data  Gb  tim7_fnd.o [1]
systick_sec             0x2000'0064   0x4  Data  Gb  tim7_fnd.o [1]
t_cnt                   0x2000'005c   0x4  Data  Gb  tim7_fnd.o [1]


[1] = C:\Users\IoT18\Documents\iar\sampleUart2_timer7_fnd_practice\Debug\Obj
[2] = C:\Users\IoT18\Documents\iar\sampleUart2_timer7_fnd_practice\Debug\Obj\CMSIS
[3] = C:\Users\IoT18\Documents\iar\sampleUart2_timer7_fnd_practice\Debug\Obj\COMM
[4] = C:\Users\IoT18\Documents\iar\sampleUart2_timer7_fnd_practice\Debug\Obj\STM32
[5] = dl7M_tlf.a
[6] = m7M_tls.a
[7] = rt7M_tl.a
[8] = shb_l.a

  3'154 bytes of readonly  code memory
     70 bytes of readonly  data memory
  8'325 bytes of readwrite data memory

Errors: none
Warnings: none
