###############################################################################
#
# IAR ELF Linker V9.32.1.338/W64 for ARM                  07/Mar/2023  09:09:04
# Copyright 2007-2022 IAR Systems AB.
#
#    Output file  =
#        C:\Users\IoT18\Documents\iar\sampleUart2_timer7_fnd\Debug\Exe\sampleUart2.out
#    Map file     =
#        C:\Users\IoT18\Documents\iar\sampleUart2_timer7_fnd\Debug\List\sampleUart2.map
#    Command line =
#        -f
#        C:\Users\IoT18\Documents\iar\sampleUart2_timer7_fnd\Debug\Exe\sampleUart2.out.rsp
#        (C:\Users\IoT18\Documents\iar\sampleUart2_timer7_fnd\Debug\Obj\main.o
#        C:\Users\IoT18\Documents\iar\sampleUart2_timer7_fnd\Debug\Obj\STM32\misc.o
#        C:\Users\IoT18\Documents\iar\sampleUart2_timer7_fnd\Debug\Obj\CMSIS\startup_stm32f40_41xxx.o
#        C:\Users\IoT18\Documents\iar\sampleUart2_timer7_fnd\Debug\Obj\STM32\stm32f4xx_gpio.o
#        C:\Users\IoT18\Documents\iar\sampleUart2_timer7_fnd\Debug\Obj\COMM\stm32f4xx_it.o
#        C:\Users\IoT18\Documents\iar\sampleUart2_timer7_fnd\Debug\Obj\STM32\stm32f4xx_rcc.o
#        C:\Users\IoT18\Documents\iar\sampleUart2_timer7_fnd\Debug\Obj\STM32\stm32f4xx_tim.o
#        C:\Users\IoT18\Documents\iar\sampleUart2_timer7_fnd\Debug\Obj\STM32\stm32f4xx_usart.o
#        C:\Users\IoT18\Documents\iar\sampleUart2_timer7_fnd\Debug\Obj\COMM\system_stm32f4xx.o
#        C:\Users\IoT18\Documents\iar\sampleUart2_timer7_fnd\Debug\Obj\tim7_fnd.o
#        C:\Users\IoT18\Documents\iar\sampleUart2_timer7_fnd\Debug\Obj\uart2.o
#        --no_out_extension -o
#        C:\Users\IoT18\Documents\iar\sampleUart2_timer7_fnd\Debug\Exe\sampleUart2.out
#        --redirect _Printf=_PrintfFullNoMb --redirect _Scanf=_ScanfFullNoMb
#        --map
#        C:\Users\IoT18\Documents\iar\sampleUart2_timer7_fnd\Debug\List\sampleUart2.map
#        --config
#        C:\Users\IoT18\Documents\iar\sampleUart2_timer7_fnd\stm32f405xG.icf
#        --semihosting --entry __iar_program_start --vfe --text_out locale
#        --cpu=Cortex-M4 --fpu=VFPv4_sp)
#
###############################################################################

*******************************************************************************
*** RUNTIME MODEL ATTRIBUTES
***

CppFlavor       = *
__CPP_Runtime   = 1
__SystemLibrary = DLib
__dlib_version  = 6


*******************************************************************************
*** HEAP SELECTION
***

The basic heap was selected because --advanced_heap
was not specified and the application did not appear to
be primarily optimized for speed.


*******************************************************************************
*** PLACEMENT SUMMARY
***

"A0":  place at address 0x800'0000 { ro section .intvec };
"P1":  place in [from 0x800'0000 to 0x80f'ffff] { ro };
define block CSTACK with size = 8K, alignment = 8 { };
define block HEAP with size = 8K, alignment = 8 { };
"P2":  place in [from 0x2000'0000 to 0x2001'ffff] {
          rw, block CSTACK, block HEAP };
initialize by copy { rw };

No sections matched the following patterns:

  section .sram  in "P3"


  Section            Kind         Address    Size  Object
  -------            ----         -------    ----  ------
"A0":                                       0x188
  .intvec            ro code   0x800'0000   0x188  startup_stm32f40_41xxx.o [2]
                             - 0x800'0188   0x188

"P1":                                      0x2afc
  .text              ro code   0x800'0188   0xeca  xprintffull_nomb.o [5]
  .text              ro code   0x800'1052    0x2a  copy_init3.o [7]
  .text              ro code   0x800'107c    0x16  strchr.o [7]
  .text              ro code   0x800'1092    0x12  stm32f4xx_it.o [3]
  .text              ro code   0x800'10a4    0x40  xfail_s.o [5]
  .text              ro code   0x800'10e4    0x36  strlen.o [7]
  .rodata            const     0x800'111a     0x2  xlocale_c.o [5]
  .text              ro code   0x800'111c    0x58  memchr.o [7]
  .text              ro code   0x800'1174    0xa6  ABImemcpy.o [7]
  .rodata            const     0x800'121a     0x2  xlocale_c.o [5]
  .text              ro code   0x800'121c    0x70  frexp.o [6]
  .text              ro code   0x800'128c    0x34  DblCmpLe.o [6]
  .text              ro code   0x800'12c0    0x34  DblCmpGe.o [6]
  .text              ro code   0x800'12f4   0x13a  ldexp.o [6]
  .rodata            const     0x800'142e     0x1  xlocale_c.o [5]
  .text              ro code   0x800'1430    0x36  DblToS32.o [6]
  .text              ro code   0x800'1468    0x22  S32ToDbl.o [6]
  .text              ro code   0x800'148c   0x24e  DblAddSub.o [6]
  .text              ro code   0x800'16dc   0x246  DblDiv.o [6]
  .text              ro code   0x800'1924    0x22  DblToU32.o [6]
  .text              ro code   0x800'1948    0x1c  U32ToDbl.o [6]
  .text              ro code   0x800'1964   0x1aa  DblMul.o [6]
  .text              ro code   0x800'1b10    0x3c  xlocale_c.o [5]
  .text              ro code   0x800'1b4c   0x230  I64DivMod.o [7]
  .text              ro code   0x800'1d7c     0x6  abort.o [5]
  .text              ro code   0x800'1d84     0x2  I64DivZer.o [7]
  .text              ro code   0x800'1d88    0x14  exit.o [8]
  .text              ro code   0x800'1d9c   0x21c  tim7_fnd.o [1]
  .text              ro code   0x800'1fb8   0x110  stm32f4xx_rcc.o [4]
  .text              ro code   0x800'20c8    0xec  stm32f4xx_gpio.o [4]
  .text              ro code   0x800'21b4    0x80  misc.o [4]
  .text              ro code   0x800'2234    0xe8  stm32f4xx_tim.o [4]
  .text              ro code   0x800'231c   0x1c6  stm32f4xx_usart.o [4]
  .text              ro code   0x800'24e4   0x14e  iar_Stoulx.o [5]
  .text              ro code   0x800'2632    0x14  isspace.o [5]
  .text              ro code   0x800'2646    0x14  tolower.o [5]
  .text              ro code   0x800'265c   0x134  uart2.o [1]
  .text              ro code   0x800'2790   0x124  system_stm32f4xx.o [3]
  Initializer bytes  const     0x800'28b4    0xa8  <for P2-1>
  .rodata            const     0x800'295c    0x50  iar_Stoulx.o [5]
  .text              ro code   0x800'29ac    0x40  main.o [1]
  .text              ro code   0x800'29ec    0x28  printf.o [5]
  .text              ro code   0x800'2a14    0x38  zero_init3.o [7]
  .text              ro code   0x800'2a4c    0x28  data_init.o [7]
  .text              ro code   0x800'2a74    0x22  fpinit_M.o [6]
  .iar.init_table    const     0x800'2a98    0x24  - Linker created -
  .text              ro code   0x800'2abc    0x1e  cmain.o [7]
  .text              ro code   0x800'2ada     0x4  low_level_init.o [5]
  .text              ro code   0x800'2ade     0x4  exit.o [5]
  .text              ro code   0x800'2ae4     0xa  cexit.o [7]
  .text              ro code   0x800'2af0    0x1c  cstartup_M.o [7]
  .text              ro code   0x800'2b0c    0x16  xprout.o [5]
  .rodata            const     0x800'2b24    0x10  main.o [1]
  .text              ro code   0x800'2b34    0x10  startup_stm32f40_41xxx.o [2]
  .text              ro code   0x800'2b44     0x4  startup_stm32f40_41xxx.o [2]
  .text              ro code   0x800'2b48     0x4  startup_stm32f40_41xxx.o [2]
  .text              ro code   0x800'2b4c     0x4  startup_stm32f40_41xxx.o [2]
  .text              ro code   0x800'2b50     0x4  startup_stm32f40_41xxx.o [2]
  .text              ro code   0x800'2b54     0x4  startup_stm32f40_41xxx.o [2]
  .text              ro code   0x800'2b58     0x4  startup_stm32f40_41xxx.o [2]
  .text              ro code   0x800'2b5c     0x4  startup_stm32f40_41xxx.o [2]
  .text              ro code   0x800'2b60     0x4  startup_stm32f40_41xxx.o [2]
  .text              ro code   0x800'2b64     0x4  startup_stm32f40_41xxx.o [2]
  .text              ro code   0x800'2b68     0x4  startup_stm32f40_41xxx.o [2]
  .text              ro code   0x800'2b6c     0x4  startup_stm32f40_41xxx.o [2]
  .text              ro code   0x800'2b70     0x4  startup_stm32f40_41xxx.o [2]
  .text              ro code   0x800'2b74     0x4  startup_stm32f40_41xxx.o [2]
  .text              ro code   0x800'2b78     0x4  startup_stm32f40_41xxx.o [2]
  .text              ro code   0x800'2b7c     0x4  startup_stm32f40_41xxx.o [2]
  .text              ro code   0x800'2b80     0x4  startup_stm32f40_41xxx.o [2]
  .text              ro code   0x800'2b84     0x4  startup_stm32f40_41xxx.o [2]
  .text              ro code   0x800'2b88     0x4  startup_stm32f40_41xxx.o [2]
  .text              ro code   0x800'2b8c     0x4  startup_stm32f40_41xxx.o [2]
  .text              ro code   0x800'2b90     0x4  startup_stm32f40_41xxx.o [2]
  .text              ro code   0x800'2b94     0x4  startup_stm32f40_41xxx.o [2]
  .text              ro code   0x800'2b98     0x4  startup_stm32f40_41xxx.o [2]
  .text              ro code   0x800'2b9c     0x4  startup_stm32f40_41xxx.o [2]
  .text              ro code   0x800'2ba0     0x4  startup_stm32f40_41xxx.o [2]
  .text              ro code   0x800'2ba4     0x4  startup_stm32f40_41xxx.o [2]
  .text              ro code   0x800'2ba8     0x4  startup_stm32f40_41xxx.o [2]
  .text              ro code   0x800'2bac     0x4  startup_stm32f40_41xxx.o [2]
  .text              ro code   0x800'2bb0     0x4  startup_stm32f40_41xxx.o [2]
  .text              ro code   0x800'2bb4     0x4  startup_stm32f40_41xxx.o [2]
  .text              ro code   0x800'2bb8     0x4  startup_stm32f40_41xxx.o [2]
  .text              ro code   0x800'2bbc     0x4  startup_stm32f40_41xxx.o [2]
  .text              ro code   0x800'2bc0     0x4  startup_stm32f40_41xxx.o [2]
  .text              ro code   0x800'2bc4     0x4  startup_stm32f40_41xxx.o [2]
  .text              ro code   0x800'2bc8     0x4  startup_stm32f40_41xxx.o [2]
  .text              ro code   0x800'2bcc     0x4  startup_stm32f40_41xxx.o [2]
  .text              ro code   0x800'2bd0     0x4  startup_stm32f40_41xxx.o [2]
  .text              ro code   0x800'2bd4     0x4  startup_stm32f40_41xxx.o [2]
  .text              ro code   0x800'2bd8     0x4  startup_stm32f40_41xxx.o [2]
  .text              ro code   0x800'2bdc     0x4  startup_stm32f40_41xxx.o [2]
  .text              ro code   0x800'2be0     0x4  startup_stm32f40_41xxx.o [2]
  .text              ro code   0x800'2be4     0x4  startup_stm32f40_41xxx.o [2]
  .text              ro code   0x800'2be8     0x4  startup_stm32f40_41xxx.o [2]
  .text              ro code   0x800'2bec     0x4  startup_stm32f40_41xxx.o [2]
  .text              ro code   0x800'2bf0     0x4  startup_stm32f40_41xxx.o [2]
  .text              ro code   0x800'2bf4     0x4  startup_stm32f40_41xxx.o [2]
  .text              ro code   0x800'2bf8     0x4  startup_stm32f40_41xxx.o [2]
  .text              ro code   0x800'2bfc     0x4  startup_stm32f40_41xxx.o [2]
  .text              ro code   0x800'2c00     0x4  startup_stm32f40_41xxx.o [2]
  .text              ro code   0x800'2c04     0x4  startup_stm32f40_41xxx.o [2]
  .text              ro code   0x800'2c08     0x4  startup_stm32f40_41xxx.o [2]
  .text              ro code   0x800'2c0c     0x4  startup_stm32f40_41xxx.o [2]
  .text              ro code   0x800'2c10     0x4  startup_stm32f40_41xxx.o [2]
  .text              ro code   0x800'2c14     0x4  startup_stm32f40_41xxx.o [2]
  .text              ro code   0x800'2c18     0x4  startup_stm32f40_41xxx.o [2]
  .text              ro code   0x800'2c1c     0x4  startup_stm32f40_41xxx.o [2]
  .text              ro code   0x800'2c20     0x4  startup_stm32f40_41xxx.o [2]
  .text              ro code   0x800'2c24     0x4  startup_stm32f40_41xxx.o [2]
  .text              ro code   0x800'2c28     0x4  startup_stm32f40_41xxx.o [2]
  .text              ro code   0x800'2c2c     0x4  startup_stm32f40_41xxx.o [2]
  .text              ro code   0x800'2c30     0x4  startup_stm32f40_41xxx.o [2]
  .text              ro code   0x800'2c34     0x4  startup_stm32f40_41xxx.o [2]
  .text              ro code   0x800'2c38     0x4  startup_stm32f40_41xxx.o [2]
  .text              ro code   0x800'2c3c     0x4  startup_stm32f40_41xxx.o [2]
  .text              ro code   0x800'2c40     0x4  startup_stm32f40_41xxx.o [2]
  .text              ro code   0x800'2c44     0x4  startup_stm32f40_41xxx.o [2]
  .text              ro code   0x800'2c48     0x4  startup_stm32f40_41xxx.o [2]
  .text              ro code   0x800'2c4c     0x4  startup_stm32f40_41xxx.o [2]
  .text              ro code   0x800'2c50     0x4  startup_stm32f40_41xxx.o [2]
  .text              ro code   0x800'2c54     0x4  startup_stm32f40_41xxx.o [2]
  .text              ro code   0x800'2c58     0x4  startup_stm32f40_41xxx.o [2]
  .text              ro code   0x800'2c5c     0x4  startup_stm32f40_41xxx.o [2]
  .text              ro code   0x800'2c60     0x4  startup_stm32f40_41xxx.o [2]
  .text              ro code   0x800'2c64     0x4  startup_stm32f40_41xxx.o [2]
  .text              ro code   0x800'2c68     0x4  startup_stm32f40_41xxx.o [2]
  .text              ro code   0x800'2c6c     0x4  startup_stm32f40_41xxx.o [2]
  .text              ro code   0x800'2c70     0x4  startup_stm32f40_41xxx.o [2]
  .text              ro code   0x800'2c74     0x4  startup_stm32f40_41xxx.o [2]
  .text              ro code   0x800'2c78     0x4  startup_stm32f40_41xxx.o [2]
  .text              ro code   0x800'2c7c     0x4  startup_stm32f40_41xxx.o [2]
  .text              ro code   0x800'2c80     0x4  startup_stm32f40_41xxx.o [2]
  .rodata            const     0x800'2c84     0x0  zero_init3.o [7]
  .rodata            const     0x800'2c84     0x0  copy_init3.o [7]
                             - 0x800'2c84  0x2afc

"P2", part 1 of 3:                           0xa8
  P2-1                        0x2000'0000    0xa8  <Init block>
    .data            inited   0x2000'0000    0x10  stm32f4xx_rcc.o [4]
    .data            inited   0x2000'0010    0x14  tim7_fnd.o [1]
    .data            inited   0x2000'0024     0x4  tim7_fnd.o [1]
    .data            inited   0x2000'0028    0x38  xlocale_c.o [5]
    .data            inited   0x2000'0060    0x48  xlocale_c.o [5]
                            - 0x2000'00a8    0xa8

"P2", part 2 of 3:                           0x64
  .bss               zero     0x2000'00a8    0x34  uart2.o [1]
  .bss               zero     0x2000'00dc     0x4  tim7_fnd.o [1]
  .bss               zero     0x2000'00e0     0x4  tim7_fnd.o [1]
  .bss               zero     0x2000'00e4     0x4  tim7_fnd.o [1]
  .bss               zero     0x2000'00e8     0x4  tim7_fnd.o [1]
  .bss               zero     0x2000'00ec     0x4  tim7_fnd.o [1]
  .bss               zero     0x2000'00f0     0x4  tim7_fnd.o [1]
  .bss               zero     0x2000'00f4     0x4  tim7_fnd.o [1]
  .bss               zero     0x2000'00f8     0x4  tim7_fnd.o [1]
  .bss               zero     0x2000'00fc     0x4  tim7_fnd.o [1]
  .bss               zero     0x2000'0100     0x4  uart2.o [1]
  .bss               zero     0x2000'0104     0x4  xfail_s.o [5]
  .bss               zero     0x2000'0108     0x1  uart2.o [1]
                            - 0x2000'0109    0x61

"P2", part 3 of 3:                         0x2000
  CSTACK                      0x2000'0110  0x2000  <Block>
    CSTACK           uninit   0x2000'0110  0x2000  <Block tail>
                            - 0x2000'2110  0x2000

Unused ranges:

         From           To      Size
         ----           --      ----
   0x800'2c84   0x80f'ffff  0xf'd37c
  0x2000'010c  0x2000'010f       0x4
  0x2000'2110  0x2001'ffff  0x1'def0


*******************************************************************************
*** INIT TABLE
***

          Address      Size
          -------      ----
Zero (__iar_zero_init3)
    1 destination range, total size 0x61:
          0x2000'00a8  0x61

Copy (__iar_copy_init3)
    1 source range, total size 0xa8:
           0x800'28b4  0xa8
    1 destination range, total size 0xa8:
          0x2000'0000  0xa8



*******************************************************************************
*** MODULE SUMMARY
***

    Module                    ro code  ro data  rw data
    ------                    -------  -------  -------
command line/config:
    ---------------------------------------------------
    Total:

C:\Users\IoT18\Documents\iar\sampleUart2_timer7_fnd\Debug\Obj: [1]
    main.o                         64       16
    tim7_fnd.o                    540       24       60
    uart2.o                       308                57
    ---------------------------------------------------
    Total:                        912       40      117

C:\Users\IoT18\Documents\iar\sampleUart2_timer7_fnd\Debug\Obj\CMSIS: [2]
    startup_stm32f40_41xxx.o      728
    ---------------------------------------------------
    Total:                        728

C:\Users\IoT18\Documents\iar\sampleUart2_timer7_fnd\Debug\Obj\COMM: [3]
    stm32f4xx_it.o                 18
    system_stm32f4xx.o            292
    ---------------------------------------------------
    Total:                        310

C:\Users\IoT18\Documents\iar\sampleUart2_timer7_fnd\Debug\Obj\STM32: [4]
    misc.o                        128
    stm32f4xx_gpio.o              236
    stm32f4xx_rcc.o               272       16       16
    stm32f4xx_tim.o               232
    stm32f4xx_usart.o             454
    ---------------------------------------------------
    Total:                      1'322       16       16

dl7M_tlf.a: [5]
    abort.o                         6
    exit.o                          4
    iar_Stoulx.o                  334       80
    isspace.o                      20
    low_level_init.o                4
    printf.o                       40
    tolower.o                      20
    xfail_s.o                      64                 4
    xlocale_c.o                    60      133      128
    xprintffull_nomb.o          3'786
    xprout.o                       22
    ---------------------------------------------------
    Total:                      4'360      213      132

m7M_tls.a: [6]
    DblAddSub.o                   590
    DblCmpGe.o                     52
    DblCmpLe.o                     52
    DblDiv.o                      582
    DblMul.o                      426
    DblToS32.o                     54
    DblToU32.o                     34
    S32ToDbl.o                     34
    U32ToDbl.o                     28
    fpinit_M.o                     34
    frexp.o                       112
    ldexp.o                       314
    ---------------------------------------------------
    Total:                      2'312

rt7M_tl.a: [7]
    ABImemcpy.o                   166
    I64DivMod.o                   560
    I64DivZer.o                     2
    cexit.o                        10
    cmain.o                        30
    copy_init3.o                   42
    cstartup_M.o                   28
    data_init.o                    40
    memchr.o                       88
    strchr.o                       22
    strlen.o                       54
    zero_init3.o                   56
    ---------------------------------------------------
    Total:                      1'098

shb_l.a: [8]
    exit.o                         20
    ---------------------------------------------------
    Total:                         20

    Gaps                           25        4
    Linker created                          36    8'192
-------------------------------------------------------
    Grand Total:               11'087      309    8'457


*******************************************************************************
*** ENTRY LIST
***

Entry                       Address   Size  Type      Object
-----                       -------   ----  ----      ------
.iar.init_table$$Base    0x800'2a98          --   Gb  - Linker created -
.iar.init_table$$Limit   0x800'2abc          --   Gb  - Linker created -
?main                    0x800'2abd         Code  Gb  cmain.o [7]
ADC_IRQHandler           0x800'2b8d         Code  Wk  startup_stm32f40_41xxx.o [2]
APBAHBPrescTable        0x2000'0000   0x10  Data  Lc  stm32f4xx_rcc.o [4]
BusFault_Handler         0x800'1099    0x2  Code  Gb  stm32f4xx_it.o [3]
CAN1_RX0_IRQHandler      0x800'2b95         Code  Wk  startup_stm32f40_41xxx.o [2]
CAN1_RX1_IRQHandler      0x800'2b99         Code  Wk  startup_stm32f40_41xxx.o [2]
CAN1_SCE_IRQHandler      0x800'2b9d         Code  Wk  startup_stm32f40_41xxx.o [2]
CAN1_TX_IRQHandler       0x800'2b91         Code  Wk  startup_stm32f40_41xxx.o [2]
CAN2_RX0_IRQHandler      0x800'2c3d         Code  Wk  startup_stm32f40_41xxx.o [2]
CAN2_RX1_IRQHandler      0x800'2c41         Code  Wk  startup_stm32f40_41xxx.o [2]
CAN2_SCE_IRQHandler      0x800'2c45         Code  Wk  startup_stm32f40_41xxx.o [2]
CAN2_TX_IRQHandler       0x800'2c39         Code  Wk  startup_stm32f40_41xxx.o [2]
CRYP_IRQHandler          0x800'2c79         Code  Wk  startup_stm32f40_41xxx.o [2]
CSTACK$$Base            0x2000'0110          --   Gb  - Linker created -
CSTACK$$Limit           0x2000'2110          --   Gb  - Linker created -
DCMI_IRQHandler          0x800'2c75         Code  Wk  startup_stm32f40_41xxx.o [2]
DMA1_Stream0_IRQHandler
                         0x800'2b71         Code  Wk  startup_stm32f40_41xxx.o [2]
DMA1_Stream1_IRQHandler
                         0x800'2b75         Code  Wk  startup_stm32f40_41xxx.o [2]
DMA1_Stream2_IRQHandler
                         0x800'2b79         Code  Wk  startup_stm32f40_41xxx.o [2]
DMA1_Stream3_IRQHandler
                         0x800'2b7d         Code  Wk  startup_stm32f40_41xxx.o [2]
DMA1_Stream4_IRQHandler
                         0x800'2b81         Code  Wk  startup_stm32f40_41xxx.o [2]
DMA1_Stream5_IRQHandler
                         0x800'2b85         Code  Wk  startup_stm32f40_41xxx.o [2]
DMA1_Stream6_IRQHandler
                         0x800'2b89         Code  Wk  startup_stm32f40_41xxx.o [2]
DMA1_Stream7_IRQHandler
                         0x800'2bfd         Code  Wk  startup_stm32f40_41xxx.o [2]
DMA2_Stream0_IRQHandler
                         0x800'2c1d         Code  Wk  startup_stm32f40_41xxx.o [2]
DMA2_Stream1_IRQHandler
                         0x800'2c21         Code  Wk  startup_stm32f40_41xxx.o [2]
DMA2_Stream2_IRQHandler
                         0x800'2c25         Code  Wk  startup_stm32f40_41xxx.o [2]
DMA2_Stream3_IRQHandler
                         0x800'2c29         Code  Wk  startup_stm32f40_41xxx.o [2]
DMA2_Stream4_IRQHandler
                         0x800'2c2d         Code  Wk  startup_stm32f40_41xxx.o [2]
DMA2_Stream5_IRQHandler
                         0x800'2c4d         Code  Wk  startup_stm32f40_41xxx.o [2]
DMA2_Stream6_IRQHandler
                         0x800'2c51         Code  Wk  startup_stm32f40_41xxx.o [2]
DMA2_Stream7_IRQHandler
                         0x800'2c55         Code  Wk  startup_stm32f40_41xxx.o [2]
DebugMon_Handler         0x800'109f    0x2  Code  Gb  stm32f4xx_it.o [3]
ETH_IRQHandler           0x800'2c31         Code  Wk  startup_stm32f40_41xxx.o [2]
ETH_WKUP_IRQHandler      0x800'2c35         Code  Wk  startup_stm32f40_41xxx.o [2]
EXTI0_IRQHandler         0x800'2b5d         Code  Wk  startup_stm32f40_41xxx.o [2]
EXTI15_10_IRQHandler     0x800'2be1         Code  Wk  startup_stm32f40_41xxx.o [2]
EXTI1_IRQHandler         0x800'2b61         Code  Wk  startup_stm32f40_41xxx.o [2]
EXTI2_IRQHandler         0x800'2b65         Code  Wk  startup_stm32f40_41xxx.o [2]
EXTI3_IRQHandler         0x800'2b69         Code  Wk  startup_stm32f40_41xxx.o [2]
EXTI4_IRQHandler         0x800'2b6d         Code  Wk  startup_stm32f40_41xxx.o [2]
EXTI9_5_IRQHandler       0x800'2ba1         Code  Wk  startup_stm32f40_41xxx.o [2]
FLASH_IRQHandler         0x800'2b55         Code  Wk  startup_stm32f40_41xxx.o [2]
FPU_IRQHandler           0x800'2c81         Code  Wk  startup_stm32f40_41xxx.o [2]
FSMC_IRQHandler          0x800'2c01         Code  Wk  startup_stm32f40_41xxx.o [2]
Font                    0x2000'0010   0x14  Data  Gb  tim7_fnd.o [1]
GPIO_Init                0x800'20c9   0x90  Code  Gb  stm32f4xx_gpio.o [4]
GPIO_PinAFConfig         0x800'2165   0x50  Code  Gb  stm32f4xx_gpio.o [4]
GPIO_ReadInputData       0x800'2159    0x6  Code  Gb  stm32f4xx_gpio.o [4]
GPIO_Write               0x800'215f    0x6  Code  Gb  stm32f4xx_gpio.o [4]
HASH_RNG_IRQHandler      0x800'2c7d         Code  Wk  startup_stm32f40_41xxx.o [2]
HardFault_Handler        0x800'1095    0x2  Code  Gb  stm32f4xx_it.o [3]
I2C1_ER_IRQHandler       0x800'2bc5         Code  Wk  startup_stm32f40_41xxx.o [2]
I2C1_EV_IRQHandler       0x800'2bc1         Code  Wk  startup_stm32f40_41xxx.o [2]
I2C2_ER_IRQHandler       0x800'2bcd         Code  Wk  startup_stm32f40_41xxx.o [2]
I2C2_EV_IRQHandler       0x800'2bc9         Code  Wk  startup_stm32f40_41xxx.o [2]
I2C3_ER_IRQHandler       0x800'2c61         Code  Wk  startup_stm32f40_41xxx.o [2]
I2C3_EV_IRQHandler       0x800'2c5d         Code  Wk  startup_stm32f40_41xxx.o [2]
MemManage_Handler        0x800'1097    0x2  Code  Gb  stm32f4xx_it.o [3]
NMI_Handler              0x800'1093    0x2  Code  Gb  stm32f4xx_it.o [3]
NVIC_Init                0x800'21bf   0x62  Code  Gb  misc.o [4]
NVIC_PriorityGroupConfig
                         0x800'21b5    0xa  Code  Gb  misc.o [4]
OTG_FS_IRQHandler        0x800'2c49         Code  Wk  startup_stm32f40_41xxx.o [2]
OTG_FS_WKUP_IRQHandler   0x800'2be9         Code  Wk  startup_stm32f40_41xxx.o [2]
OTG_HS_EP1_IN_IRQHandler
                         0x800'2c69         Code  Wk  startup_stm32f40_41xxx.o [2]
OTG_HS_EP1_OUT_IRQHandler
                         0x800'2c65         Code  Wk  startup_stm32f40_41xxx.o [2]
OTG_HS_IRQHandler        0x800'2c71         Code  Wk  startup_stm32f40_41xxx.o [2]
OTG_HS_WKUP_IRQHandler   0x800'2c6d         Code  Wk  startup_stm32f40_41xxx.o [2]
PVD_IRQHandler           0x800'2b49         Code  Wk  startup_stm32f40_41xxx.o [2]
PendSV_Handler           0x800'10a1    0x2  Code  Gb  stm32f4xx_it.o [3]
RCC_AHB1PeriphClockCmd   0x800'2075   0x1c  Code  Gb  stm32f4xx_rcc.o [4]
RCC_APB1PeriphClockCmd   0x800'2091   0x1c  Code  Gb  stm32f4xx_rcc.o [4]
RCC_GetClocksFreq        0x800'1fb9   0xbc  Code  Gb  stm32f4xx_rcc.o [4]
RCC_IRQHandler           0x800'2b59         Code  Wk  startup_stm32f40_41xxx.o [2]
RTC_Alarm_IRQHandler     0x800'2be5         Code  Wk  startup_stm32f40_41xxx.o [2]
RTC_WKUP_IRQHandler      0x800'2b51         Code  Wk  startup_stm32f40_41xxx.o [2]
Region$$Table$$Base      0x800'2a98          --   Gb  - Linker created -
Region$$Table$$Limit     0x800'2abc          --   Gb  - Linker created -
Reset_Handler            0x800'2b35         Code  Wk  startup_stm32f40_41xxx.o [2]
SDIO_IRQHandler          0x800'2c05         Code  Wk  startup_stm32f40_41xxx.o [2]
SPI1_IRQHandler          0x800'2bd1         Code  Wk  startup_stm32f40_41xxx.o [2]
SPI2_IRQHandler          0x800'2bd5         Code  Wk  startup_stm32f40_41xxx.o [2]
SPI3_IRQHandler          0x800'2c0d         Code  Wk  startup_stm32f40_41xxx.o [2]
SVC_Handler              0x800'109d    0x2  Code  Gb  stm32f4xx_it.o [3]
SetSysClock              0x800'27d7   0xaa  Code  Lc  system_stm32f4xx.o [3]
SysTick_Handler          0x800'10a3    0x2  Code  Gb  stm32f4xx_it.o [3]
SystemInit               0x800'2791   0x46  Code  Gb  system_stm32f4xx.o [3]
TAMP_STAMP_IRQHandler    0x800'2b4d         Code  Wk  startup_stm32f40_41xxx.o [2]
TIM1_BRK_TIM9_IRQHandler
                         0x800'2ba5         Code  Wk  startup_stm32f40_41xxx.o [2]
TIM1_CC_IRQHandler       0x800'2bb1         Code  Wk  startup_stm32f40_41xxx.o [2]
TIM1_TRG_COM_TIM11_IRQHandler
                         0x800'2bad         Code  Wk  startup_stm32f40_41xxx.o [2]
TIM1_UP_TIM10_IRQHandler
                         0x800'2ba9         Code  Wk  startup_stm32f40_41xxx.o [2]
TIM2_IRQHandler          0x800'2bb5         Code  Wk  startup_stm32f40_41xxx.o [2]
TIM3_IRQHandler          0x800'2bb9         Code  Wk  startup_stm32f40_41xxx.o [2]
TIM4_IRQHandler          0x800'2bbd         Code  Wk  startup_stm32f40_41xxx.o [2]
TIM5_IRQHandler          0x800'2c09         Code  Wk  startup_stm32f40_41xxx.o [2]
TIM6_DAC_IRQHandler      0x800'2c19         Code  Wk  startup_stm32f40_41xxx.o [2]
TIM7_Fnd_Init            0x800'1d9d   0xa0  Code  Gb  tim7_fnd.o [1]
TIM7_IRQHandler          0x800'1e3d   0x5a  Code  Gb  tim7_fnd.o [1]
TIM7_IRQHandler::fnd_digit
                        0x2000'0024    0x4  Data  Lc  tim7_fnd.o [1]
TIM8_BRK_TIM12_IRQHandler
                         0x800'2bed         Code  Wk  startup_stm32f40_41xxx.o [2]
TIM8_CC_IRQHandler       0x800'2bf9         Code  Wk  startup_stm32f40_41xxx.o [2]
TIM8_TRG_COM_TIM14_IRQHandler
                         0x800'2bf5         Code  Wk  startup_stm32f40_41xxx.o [2]
TIM8_UP_TIM13_IRQHandler
                         0x800'2bf1         Code  Wk  startup_stm32f40_41xxx.o [2]
TIM_ClearITPendingBit    0x800'2315    0x8  Code  Gb  stm32f4xx_tim.o [4]
TIM_Cmd                  0x800'229f   0x1c  Code  Gb  stm32f4xx_tim.o [4]
TIM_GetITStatus          0x800'22f1   0x24  Code  Gb  stm32f4xx_tim.o [4]
TIM_ITConfig             0x800'22d9   0x18  Code  Gb  stm32f4xx_tim.o [4]
TIM_TimeBaseInit         0x800'2235   0x6a  Code  Gb  stm32f4xx_tim.o [4]
UART2_init               0x800'265d   0xbc  Code  Gb  uart2.o [1]
UART4_IRQHandler         0x800'2c11         Code  Wk  startup_stm32f40_41xxx.o [2]
UART5_IRQHandler         0x800'2c15         Code  Wk  startup_stm32f40_41xxx.o [2]
USART1_IRQHandler        0x800'2bd9         Code  Wk  startup_stm32f40_41xxx.o [2]
USART2_IRQHandler        0x800'273b   0x42  Code  Gb  uart2.o [1]
USART2_IRQHandler{1}{2}::i
                        0x2000'0100    0x4  Data  Lc  uart2.o [1]
USART3_IRQHandler        0x800'2bdd         Code  Wk  startup_stm32f40_41xxx.o [2]
USART6_IRQHandler        0x800'2c59         Code  Wk  startup_stm32f40_41xxx.o [2]
USART_Cmd                0x800'23e5   0x1c  Code  Gb  stm32f4xx_usart.o [4]
USART_GetFlagStatus      0x800'2465   0x1a  Code  Gb  stm32f4xx_usart.o [4]
USART_GetITStatus        0x800'247f   0x64  Code  Gb  stm32f4xx_usart.o [4]
USART_ITConfig           0x800'2411   0x54  Code  Gb  stm32f4xx_usart.o [4]
USART_Init               0x800'231d   0xba  Code  Gb  stm32f4xx_usart.o [4]
USART_ReceiveData        0x800'2409    0x8  Code  Gb  stm32f4xx_usart.o [4]
USART_SendData           0x800'2401    0x8  Code  Gb  stm32f4xx_usart.o [4]
UsageFault_Handler       0x800'109b    0x2  Code  Gb  stm32f4xx_it.o [3]
WWDG_IRQHandler          0x800'2b45         Code  Wk  startup_stm32f40_41xxx.o [2]
_LC                      0x800'0189    0x6  Code  Lc  xprintffull_nomb.o [5]
_LitobFullNoMb           0x800'0e71  0x114  Code  Lc  xprintffull_nomb.o [5]
_LocaleC_isspace         0x800'1b1d   0x14  Code  Gb  xlocale_c.o [5]
_LocaleC_isupper         0x800'1b11    0x2  Code  Gb  xlocale_c.o [5]
_LocaleC_tolower         0x800'1b31    0xc  Code  Gb  xlocale_c.o [5]
_Locale_lconv           0x2000'0028   0x38  Data  Lc  xlocale_c.o [5]
_PrintfFullNoMb          0x800'018f  0xcb4  Code  Gb  xprintffull_nomb.o [5]
_Prout                   0x800'2b0d   0x16  Code  Gb  xprout.o [5]
_PutcharsFullNoMb        0x800'0fdd   0x2e  Code  Lc  xprintffull_nomb.o [5]
__aeabi_cdcmple          0x800'128d         Code  Gb  DblCmpLe.o [6]
__aeabi_cdrcmple         0x800'12c1         Code  Gb  DblCmpGe.o [6]
__aeabi_d2iz             0x800'1431         Code  Gb  DblToS32.o [6]
__aeabi_d2uiz            0x800'1925         Code  Gb  DblToU32.o [6]
__aeabi_ddiv             0x800'16dd         Code  Gb  DblDiv.o [6]
__aeabi_dmul             0x800'1965         Code  Gb  DblMul.o [6]
__aeabi_dsub             0x800'15f9         Code  Gb  DblAddSub.o [6]
__aeabi_i2d              0x800'1469         Code  Gb  S32ToDbl.o [6]
__aeabi_ldiv0            0x800'1d85         Code  Gb  I64DivZer.o [7]
__aeabi_memcpy           0x800'1175         Code  Gb  ABImemcpy.o [7]
__aeabi_memcpy4          0x800'1195         Code  Gb  ABImemcpy.o [7]
__aeabi_memcpy8          0x800'1195         Code  Gb  ABImemcpy.o [7]
__aeabi_ui2d             0x800'1949         Code  Gb  U32ToDbl.o [6]
__aeabi_uldivmod         0x800'1b4d         Code  Gb  I64DivMod.o [7]
__cmain                  0x800'2abd         Code  Gb  cmain.o [7]
__exit                   0x800'1d89   0x14  Code  Gb  exit.o [8]
__iar_Fail_s             0x800'10a5   0x1c  Code  Gb  xfail_s.o [5]
__iar_Memchr             0x800'111d         Code  Gb  memchr.o [7]
__iar_Stoul              0x800'2625    0x2  Code  Gb  iar_Stoulx.o [5]
__iar_Stoulx             0x800'24e5  0x13a  Code  Gb  iar_Stoulx.o [5]
__iar_Strchr             0x800'107d         Code  Gb  strchr.o [7]
__iar_copy_init3         0x800'1053   0x2a  Code  Gb  copy_init3.o [7]
__iar_data_init3         0x800'2a4d   0x28  Code  Gb  data_init.o [7]
__iar_frexp              0x800'1229         Code  Gb  frexp.o [6]
__iar_frexpl             0x800'1229         Code  Gb  frexp.o [6]
__iar_globLocale        0x2000'0060   0x48  Data  Lc  xlocale_c.o [5]
__iar_global_Locale      0x800'1b3d    0x4  Code  Gb  xlocale_c.o [5]
__iar_init_vfp           0x800'2a75         Code  Gb  fpinit_M.o [6]
__iar_ldexp64            0x800'12f5         Code  Gb  ldexp.o [6]
__iar_program_start      0x800'2af1         Code  Gb  cstartup_M.o [7]
__iar_scalbln64          0x800'12f5         Code  Gb  ldexp.o [6]
__iar_scalbn64           0x800'12f5         Code  Gb  ldexp.o [6]
__iar_softfp___iar_frexp64
                         0x800'121d         Code  Gb  frexp.o [6]
__iar_softfp_frexp       0x800'121d         Code  Gb  frexp.o [6]
__iar_softfp_frexpl      0x800'121d         Code  Gb  frexp.o [6]
__iar_zero_init3         0x800'2a15   0x38  Code  Gb  zero_init3.o [7]
__low_level_init         0x800'2adb    0x4  Code  Gb  low_level_init.o [5]
__vector_table           0x800'0000         Data  Gb  startup_stm32f40_41xxx.o [2]
_call_main               0x800'2ac9         Code  Gb  cmain.o [7]
_exit                    0x800'2ae5         Code  Gb  cexit.o [7]
abort                    0x800'1d7d    0x6  Code  Gb  abort.o [5]
atoi                     0x800'2627    0x2  Code  Gb  iar_Stoulx.o [5]
digits                   0x800'2984   0x28  Data  Lc  iar_Stoulx.o [5]
display_digit            0x800'1f2d   0x56  Code  Gb  tim7_fnd.o [1]
display_fnd              0x800'1e97   0x96  Code  Gb  tim7_fnd.o [1]
display_fnd::buff       0x2000'00fc    0x4  Data  Lc  tim7_fnd.o [1]
display_fnd::n1         0x2000'00f8    0x4  Data  Lc  tim7_fnd.o [1]
display_fnd::n10        0x2000'00f4    0x4  Data  Lc  tim7_fnd.o [1]
display_fnd::n100       0x2000'00f0    0x4  Data  Lc  tim7_fnd.o [1]
display_fnd::n1000      0x2000'00ec    0x4  Data  Lc  tim7_fnd.o [1]
exit                     0x800'2adf    0x4  Code  Gb  exit.o [5]
fndNumber               0x2000'00e8    0x4  Data  Gb  tim7_fnd.o [1]
isspace                  0x800'2633   0x14  Code  Gb  isspace.o [5]
ldexp                    0x800'12f5         Code  Gb  ldexp.o [6]
ldexpl                   0x800'12f5         Code  Gb  ldexp.o [6]
localeconv               0x800'1b41    0x4  Code  Gb  xlocale_c.o [5]
main                     0x800'29ad   0x40  Code  Gb  main.o [1]
memchr                   0x800'111d         Code  Gb  memchr.o [7]
ndigs                    0x800'295c   0x28  Data  Lc  iar_Stoulx.o [5]
printf                   0x800'29ed   0x28  Code  Gb  printf.o [5]
putchar                  0x800'2719   0x22  Code  Gb  uart2.o [1]
rx2Data                 0x2000'00a8   0x34  Data  Gb  uart2.o [1]
rx2Flag                 0x2000'0108    0x1  Data  Gb  uart2.o [1]
scalbln                  0x800'12f5         Code  Gb  ldexp.o [6]
scalblnl                 0x800'12f5         Code  Gb  ldexp.o [6]
scalbn                   0x800'12f5         Code  Gb  ldexp.o [6]
scalbnl                  0x800'12f5         Code  Gb  ldexp.o [6]
scale                    0x800'0f85   0x46  Code  Lc  xprintffull_nomb.o [5]
sec_hand                0x2000'0104    0x4  Data  Lc  xfail_s.o [5]
strchr                   0x800'107d         Code  Gb  strchr.o [7]
strlen                   0x800'10e5         Code  Gb  strlen.o [7]
systick_count           0x2000'00e0    0x4  Data  Gb  tim7_fnd.o [1]
systick_sec             0x2000'00e4    0x4  Data  Gb  tim7_fnd.o [1]
t_cnt                   0x2000'00dc    0x4  Data  Gb  tim7_fnd.o [1]
tolower                  0x800'2647   0x14  Code  Gb  tolower.o [5]


[1] = C:\Users\IoT18\Documents\iar\sampleUart2_timer7_fnd\Debug\Obj
[2] = C:\Users\IoT18\Documents\iar\sampleUart2_timer7_fnd\Debug\Obj\CMSIS
[3] = C:\Users\IoT18\Documents\iar\sampleUart2_timer7_fnd\Debug\Obj\COMM
[4] = C:\Users\IoT18\Documents\iar\sampleUart2_timer7_fnd\Debug\Obj\STM32
[5] = dl7M_tlf.a
[6] = m7M_tls.a
[7] = rt7M_tl.a
[8] = shb_l.a

  11'087 bytes of readonly  code memory
     309 bytes of readonly  data memory
   8'457 bytes of readwrite data memory

Errors: none
Warnings: none
